To honour the JVM settings for this build a single-use Daemon process will be forked. For more on this, please refer to https://docs.gradle.org/9.6.0/userguide/gradle_daemon.html#sec:disabling_the_daemon in the Gradle documentation.
Daemon will be stopped at the end of the build 

> Configure project :
Fabric Loom: 1.16.3

> Task :compileJava UP-TO-DATE
> Task :processResources
> Task :classes
> Task :compileHarnessJava UP-TO-DATE
> Task :generateLog4jConfig UP-TO-DATE
> Task :generateDLIConfig UP-TO-DATE
> Task :configureLaunch UP-TO-DATE
> Task :downloadAssets UP-TO-DATE
> Task :configureClientLaunch UP-TO-DATE
> Task :processHarnessResources UP-TO-DATE
> Task :harnessClasses UP-TO-DATE

> Task :runHarnessClient
[10:11:07] [main/INFO] (FabricLoader/GameProvider) Loading Minecraft 26.2 with Fabric Loader 0.19.3
[10:11:07] [main/INFO] (FabricLoader/Mappings) Mappings not present!
[10:11:07] [main/INFO] (FabricLoader) Loading 55 mods:
	- fabric-api 0.152.2+26.2
	- fabric-api-base 2.0.4+ece063239e
	- fabric-api-lookup-api-v1 2.0.17+11e1c9a39e
	- fabric-biome-api-v1 18.0.6+c7bd5b8e9e
	- fabric-block-api-v1 3.0.3+ec56b6019e
	- fabric-block-getter-api-v2 2.0.7+ec56b6019e
	- fabric-client-gametest-api-v1 5.1.0+db5795489e
	- fabric-command-api-v2 3.1.0+00cb03469e
	- fabric-content-registries-v0 11.2.2+b7a678a99e
	- fabric-convention-tags-v2 4.6.4+2aae60389e
	- fabric-crash-report-info-v1 1.0.5+086d547a9e
	- fabric-creative-tab-api-v1 5.0.14+d871b99e9e
	- fabric-data-attachment-api-v1 2.2.16+aa0fd6fe9e
	- fabric-data-generation-api-v1 25.4.2+5e56e5409e
	- fabric-debug-api-v1 1.0.2+c792624d9e
	- fabric-dimensions-v1 5.1.9+9cbf5da59e
	- fabric-entity-events-v1 5.0.5+06488ac19e
	- fabric-events-interaction-v0 5.2.6+8f57f7ee9e
	- fabric-game-rule-api-v1 4.0.8+46a6d00c9e
	- fabric-gametest-api-v1 4.0.21+4a7fa0819e
	- fabric-item-api-v1 14.1.6+0ecb053f9e
	- fabric-key-mapping-api-v1 2.0.5+e2bdee789e
	- fabric-lifecycle-events-v1 4.1.3+4575b05f9e
	- fabric-loot-api-v3 3.0.17+06488ac19e
	- fabric-menu-api-v1 2.0.16+086d547a9e
	- fabric-message-api-v1 7.0.7+086d547a9e
	- fabric-model-loading-api-v1 8.0.12+c80601bb9e
	- fabric-networking-api-v1 6.3.3+72073ef09e
	- fabric-object-builder-api-v1 24.0.6+46a6d00c9e
	- fabric-particles-v1 5.0.18+d1756aa99e
	- fabric-permission-api-v1 1.0.2+7c33558a9e
	- fabric-recipe-api-v1 9.0.20+11e1c9a39e
	- fabric-registry-sync-v0 7.1.0+c7bd5b8e9e
	- fabric-renderer-api-v1 14.0.2+93d3a2f59e
	- fabric-renderer-indigo 9.0.2+e73ab60d9e
	- fabric-rendering-fluids-v1 6.0.4+06488ac19e
	- fabric-rendering-v1 25.1.6+46a6d00c9e
	- fabric-resource-conditions-api-v1 6.1.0+10e9a28b9e
	- fabric-resource-loader-v0 3.3.20+4fc5413f9e
	- fabric-resource-loader-v1 2.0.13+9edec1269e
	- fabric-screen-api-v1 5.0.3+086d547a9e
	- fabric-serialization-api-v1 2.0.4+11a26f319e
	- fabric-sound-api-v1 2.0.5+11a26f319e
	- fabric-tag-api-v1 2.1.3+794df31d9e
	- fabric-transfer-api-v1 8.0.11+39b5a3929e
	- fabric-transitive-access-wideners-v1 8.1.3+e098252d9e
	- fabricloader 0.19.3
	- java 25
	- lithium 0.25.1+mc26.2
	- minecraft 26.2
	- mixinextras 0.5.4
	- modmenu 20.0.0
	- sodium 0.9.2-alpha.3+mc26.2
	- voxy 0.2.19-beta
	- voxy_harness 1.0.0
[10:11:07] [main/INFO] (FabricLoader/Mixin) SpongePowered MIXIN Subsystem Version=0.8.7 Source=file:/Users/xyz/.gradle/caches/modules-2/files-2.1/net.fabricmc/sponge-mixin/0.17.3+mixin.0.8.7/41c4a3984a80f4679e759fb9f495587acc5cdac7/sponge-mixin-0.17.3+mixin.0.8.7.jar Service=Knot/Fabric Env=CLIENT
[10:11:07] [main/INFO] (FabricLoader/Mixin) Compatibility level set to JAVA_25
[10:11:07] [main/INFO] (Lithium) Loaded configuration file for Lithium: 171 options available, 0 override(s) found.
[10:11:07] [main/INFO] (Sodium) Loaded configuration file for Sodium: 37 options available, 0 override(s) found
[10:11:07] [main/WARN] (FabricLoader/Mixin) Error loading class: com/moulberry/flashback/record/FlashbackMeta (java.lang.ClassNotFoundException: com/moulberry/flashback/record/FlashbackMeta)
[10:11:07] [main/WARN] (FabricLoader/Mixin) @Mixin target com.moulberry.flashback.record.FlashbackMeta was not found client.voxy.mixins.json:flashback.MixinFlashbackMeta from mod voxy
[10:11:07] [main/WARN] (FabricLoader/Mixin) Error loading class: com/moulberry/flashback/record/Recorder (java.lang.ClassNotFoundException: com/moulberry/flashback/record/Recorder)
[10:11:07] [main/WARN] (FabricLoader/Mixin) @Mixin target com.moulberry.flashback.record.Recorder was not found client.voxy.mixins.json:flashback.MixinFlashbackRecorder from mod voxy
[10:11:07] [main/WARN] (FabricLoader/Mixin) Error loading class: me/cortex/nvidium/RenderPipeline (java.lang.ClassNotFoundException: me/cortex/nvidium/RenderPipeline)
[10:11:07] [main/WARN] (FabricLoader/Mixin) @Mixin target me.cortex.nvidium.RenderPipeline was not found client.voxy.mixins.json:nvidium.MixinRenderPipeline from mod voxy
[10:11:07] [main/WARN] (FabricLoader/Mixin) Error loading class: org/popcraft/chunky/platform/FabricWorld (java.lang.ClassNotFoundException: org/popcraft/chunky/platform/FabricWorld)
[10:11:07] [main/WARN] (FabricLoader/Mixin) @Mixin target org.popcraft.chunky.platform.FabricWorld was not found common.voxy.mixins.json:chunky.MixinFabricWorld from mod voxy
[10:11:07] [main/WARN] (FabricLoader/Mixin) Error loading class: net/minecraft/client/renderer/StagedVertexBuffer/GpuBufferPool (java.lang.ClassNotFoundException: net/minecraft/client/renderer/StagedVertexBuffer/GpuBufferPool)
[10:11:07] [main/WARN] (FabricLoader/Mixin) @Mixin target net.minecraft.client.renderer.StagedVertexBuffer.GpuBufferPool was not found sodium-common.mixins.json:core.StagedVertexBufferMixin from mod sodium
[10:11:07] [main/INFO] (Sodium-GraphicsAdapterProbe) Searching for graphics cards...
[10:11:07] [main/INFO] (FabricLoader/MixinExtras|Service) Initializing MixinExtras via com.llamalad7.mixinextras.service.MixinExtrasServiceImpl(version=0.5.4).
[10:11:08] [Datafixer Bootstrap #0/INFO] (Minecraft) 295 Datafixer optimizations took 132 milliseconds
[10:11:08] [main/WARN] (MacOperatingSystem) Unable to parse version 27.0 to a codename.
[10:11:10] [Render thread/INFO] (Minecraft) Environment: Environment[sessionHost=https://sessionserver.mojang.com, servicesHost=https://api.minecraftservices.com, profilesHost=https://api.mojang.com, name=PROD]
[10:11:10] [Render thread/INFO] (Minecraft) Setting user: Player681
[10:11:10] [Render thread/INFO] (Voxy) [me.cx.vy.cn.cg.Serialization]: Registered Config as Serializer for config type SectionStorageConfig
[10:11:10] [Render thread/INFO] (Voxy) [me.cx.vy.cn.cg.Serialization]: Registered Config as RocksDB for config type StorageConfig
[10:11:10] [Render thread/INFO] (Voxy) [me.cx.vy.cn.cg.Serialization]: Registered Config as Redis for config type StorageConfig
[10:11:10] [Render thread/INFO] (Voxy) [me.cx.vy.cn.cg.Serialization]: Registered Config as FragmentationAdaptor for config type StorageConfig
[10:11:10] [Render thread/INFO] (Voxy) [me.cx.vy.cn.cg.Serialization]: Registered Config2 as AutoFragmentationAdaptor for config type StorageConfig
[10:11:10] [Render thread/INFO] (Voxy) [me.cx.vy.cn.cg.Serialization]: Registered ConditionalStorageBackendConfig as ConditionalConfig for config type StorageConfig
[10:11:10] [Render thread/INFO] (Voxy) [me.cx.vy.cn.cg.Serialization]: Registered Config as CompressionAdaptor for config type StorageConfig
[10:11:10] [Render thread/INFO] (Voxy) [me.cx.vy.cn.cg.Serialization]: Registered Config as ReadonlyCachingLayer for config type StorageConfig
[10:11:10] [Render thread/INFO] (Voxy) [me.cx.vy.cn.cg.Serialization]: Registered BasicPathInsertionConfig as BasicPathConfig for config type StorageConfig
[10:11:10] [Render thread/INFO] (Voxy) [me.cx.vy.cn.cg.Serialization]: Registered Config as Memory for config type StorageConfig
[10:11:10] [Render thread/INFO] (Voxy) [me.cx.vy.cn.cg.Serialization]: Registered Config as LMDB for config type StorageConfig
[10:11:10] [Render thread/INFO] (Voxy) [me.cx.vy.cn.cg.Serialization]: Registered Config as LZ4 for config type CompressorConfig
[10:11:10] [Render thread/INFO] (Voxy) [me.cx.vy.cn.cg.Serialization]: Registered Config as ZSTD for config type CompressorConfig
[10:11:10] [Render thread/INFO] (Voxy) [me.cx.vy.cn.cg.Serialization]: Registered 13 config types
[10:11:10] [Render thread/INFO] (Indigo) [Indigo] Different rendering plugin detected; not applying Indigo.
[10:11:10] [Render thread/INFO] (Mod Menu/Update Checker) Checking mod updates...
[10:11:10] [Render thread/INFO] (Sodium) Setting exclusive fullscreen to true by default, as the user is not on Windows and the language cannot be guessed.
[10:11:10] [Render thread/INFO] (Minecraft) Backend library: LWJGL version 3.4.1-snapshot
[10:11:10] [ModMenu/Update Checker/Fabric Loader/INFO] (Mod Menu/Update Checker) Update available for 'fabricloader@0.19.3'
[10:11:10] [Render thread/WARN] (Minecraft) Graphics backend forced to vulkan by launch argument, in-game preferred graphics backend setting is ignored
[Vulkan Loader] LAYER:          Searching for implicit layer manifest files
[Vulkan Loader] LAYER:             In following locations:
[Vulkan Loader] LAYER:                /Library/Java/JavaVirtualMachines/temurin-25.jdk/Contents/Home/bin/vulkan/implicit_layer.d
[Vulkan Loader] LAYER:                /Users/xyz/.config/vulkan/implicit_layer.d
[Vulkan Loader] LAYER:                /opt/homebrew/etc/xdg/vulkan/implicit_layer.d
[Vulkan Loader] LAYER:                /etc/xdg/vulkan/implicit_layer.d
[Vulkan Loader] LAYER:                /opt/homebrew/etc/vulkan/implicit_layer.d
[Vulkan Loader] LAYER:                /etc/vulkan/implicit_layer.d
[Vulkan Loader] LAYER:                /Users/xyz/.local/share/vulkan/implicit_layer.d
[Vulkan Loader] LAYER:                /usr/local/share/vulkan/implicit_layer.d
[Vulkan Loader] LAYER:                /usr/share/vulkan/implicit_layer.d
[Vulkan Loader] LAYER:                /Users/xyz/.nix-profile/share/vulkan/implicit_layer.d
[Vulkan Loader] LAYER:                /nix/var/nix/profiles/default/share/vulkan/implicit_layer.d
[Vulkan Loader] LAYER:             Found no files
[Vulkan Loader] LAYER:          Searching for implicit layer manifest files
[Vulkan Loader] LAYER:             In following locations:
[Vulkan Loader] LAYER:                /Library/Java/JavaVirtualMachines/temurin-25.jdk/Contents/Home/bin/vulkan/implicit_layer.d
[Vulkan Loader] LAYER:                /Users/xyz/.config/vulkan/implicit_layer.d
[Vulkan Loader] LAYER:                /opt/homebrew/etc/xdg/vulkan/implicit_layer.d
[Vulkan Loader] LAYER:                /etc/xdg/vulkan/implicit_layer.d
[Vulkan Loader] LAYER:                /opt/homebrew/etc/vulkan/implicit_layer.d
[Vulkan Loader] LAYER:                /etc/vulkan/implicit_layer.d
[Vulkan Loader] LAYER:                /Users/xyz/.local/share/vulkan/implicit_layer.d
[Vulkan Loader] LAYER:                /usr/local/share/vulkan/implicit_layer.d
[Vulkan Loader] LAYER:                /usr/share/vulkan/implicit_layer.d
[Vulkan Loader] LAYER:                /Users/xyz/.nix-profile/share/vulkan/implicit_layer.d
[Vulkan Loader] LAYER:                /nix/var/nix/profiles/default/share/vulkan/implicit_layer.d
[Vulkan Loader] LAYER:             Found no files
[Vulkan Loader] LAYER:          Searching for implicit layer manifest files
[Vulkan Loader] LAYER:             In following locations:
[Vulkan Loader] LAYER:                /Library/Java/JavaVirtualMachines/temurin-25.jdk/Contents/Home/bin/vulkan/implicit_layer.d
[Vulkan Loader] LAYER:                /Users/xyz/.config/vulkan/implicit_layer.d
[Vulkan Loader] LAYER:                /opt/homebrew/etc/xdg/vulkan/implicit_layer.d
[Vulkan Loader] LAYER:                /etc/xdg/vulkan/implicit_layer.d
[Vulkan Loader] LAYER:                /opt/homebrew/etc/vulkan/implicit_layer.d
[Vulkan Loader] LAYER:                /etc/vulkan/implicit_layer.d
[Vulkan Loader] LAYER:                /Users/xyz/.local/share/vulkan/implicit_layer.d
[Vulkan Loader] LAYER:                /usr/local/share/vulkan/implicit_layer.d
[Vulkan Loader] LAYER:                /usr/share/vulkan/implicit_layer.d
[Vulkan Loader] LAYER:                /Users/xyz/.nix-profile/share/vulkan/implicit_layer.d
[Vulkan Loader] LAYER:                /nix/var/nix/profiles/default/share/vulkan/implicit_layer.d
[Vulkan Loader] LAYER:             Found no files
[Vulkan Loader] LAYER:          Searching for implicit layer manifest files
[Vulkan Loader] LAYER:             In following locations:
[Vulkan Loader] LAYER:                /Library/Java/JavaVirtualMachines/temurin-25.jdk/Contents/Home/bin/vulkan/implicit_layer.d
[Vulkan Loader] LAYER:                /Users/xyz/.config/vulkan/implicit_layer.d
[Vulkan Loader] LAYER:                /opt/homebrew/etc/xdg/vulkan/implicit_layer.d
[Vulkan Loader] LAYER:                /etc/xdg/vulkan/implicit_layer.d
[Vulkan Loader] LAYER:                /opt/homebrew/etc/vulkan/implicit_layer.d
[Vulkan Loader] LAYER:                /etc/vulkan/implicit_layer.d
[Vulkan Loader] LAYER:                /Users/xyz/.local/share/vulkan/implicit_layer.d
[Vulkan Loader] LAYER:                /usr/local/share/vulkan/implicit_layer.d
[Vulkan Loader] LAYER:                /usr/share/vulkan/implicit_layer.d
[Vulkan Loader] LAYER:                /Users/xyz/.nix-profile/share/vulkan/implicit_layer.d
[Vulkan Loader] LAYER:                /nix/var/nix/profiles/default/share/vulkan/implicit_layer.d
[Vulkan Loader] LAYER:             Found no files
[Vulkan Loader] LAYER:          Searching for implicit layer manifest files
[Vulkan Loader] LAYER:             In following locations:
[Vulkan Loader] LAYER:                /Library/Java/JavaVirtualMachines/temurin-25.jdk/Contents/Home/bin/vulkan/implicit_layer.d
[Vulkan Loader] LAYER:                /Users/xyz/.config/vulkan/implicit_layer.d
[Vulkan Loader] LAYER:                /opt/homebrew/etc/xdg/vulkan/implicit_layer.d
[Vulkan Loader] LAYER:                /etc/xdg/vulkan/implicit_layer.d
[Vulkan Loader] LAYER:                /opt/homebrew/etc/vulkan/implicit_layer.d
[Vulkan Loader] LAYER:                /etc/vulkan/implicit_layer.d
[Vulkan Loader] LAYER:                /Users/xyz/.local/share/vulkan/implicit_layer.d
[Vulkan Loader] LAYER:                /usr/local/share/vulkan/implicit_layer.d
[Vulkan Loader] LAYER:                /usr/share/vulkan/implicit_layer.d
[Vulkan Loader] LAYER:                /Users/xyz/.nix-profile/share/vulkan/implicit_layer.d
[Vulkan Loader] LAYER:                /nix/var/nix/profiles/default/share/vulkan/implicit_layer.d
[Vulkan Loader] LAYER:             Found no files
[Vulkan Loader] LAYER:          Searching for implicit layer manifest files
[Vulkan Loader] LAYER:             In following locations:
[Vulkan Loader] LAYER:                /Library/Java/JavaVirtualMachines/temurin-25.jdk/Contents/Home/bin/vulkan/implicit_layer.d
[Vulkan Loader] LAYER:                /Users/xyz/.config/vulkan/implicit_layer.d
[Vulkan Loader] LAYER:                /opt/homebrew/etc/xdg/vulkan/implicit_layer.d
[Vulkan Loader] LAYER:                /etc/xdg/vulkan/implicit_layer.d
[Vulkan Loader] LAYER:                /opt/homebrew/etc/vulkan/implicit_layer.d
[Vulkan Loader] LAYER:                /etc/vulkan/implicit_layer.d
[Vulkan Loader] LAYER:                /Users/xyz/.local/share/vulkan/implicit_layer.d
[Vulkan Loader] LAYER:                /usr/local/share/vulkan/implicit_layer.d
[Vulkan Loader] LAYER:                /usr/share/vulkan/implicit_layer.d
[Vulkan Loader] LAYER:                /Users/xyz/.nix-profile/share/vulkan/implicit_layer.d
[Vulkan Loader] LAYER:                /nix/var/nix/profiles/default/share/vulkan/implicit_layer.d
[Vulkan Loader] LAYER:             Found no files
[Vulkan Loader] LAYER:          Searching for explicit layer manifest files
[Vulkan Loader] LAYER:             In following locations:
[Vulkan Loader] LAYER:                /opt/homebrew/opt/vulkan-validationlayers/share/vulkan/explicit_layer.d
[Vulkan Loader] LAYER:             Found the following files:
[Vulkan Loader] LAYER:                /opt/homebrew/opt/vulkan-validationlayers/share/vulkan/explicit_layer.d/VkLayer_khronos_validation.json
[Vulkan Loader] LAYER:          Searching for implicit layer manifest files
[Vulkan Loader] LAYER:             In following locations:
[Vulkan Loader] LAYER:                /Library/Java/JavaVirtualMachines/temurin-25.jdk/Contents/Home/bin/vulkan/implicit_layer.d
[Vulkan Loader] LAYER:                /Users/xyz/.config/vulkan/implicit_layer.d
[Vulkan Loader] LAYER:                /opt/homebrew/etc/xdg/vulkan/implicit_layer.d
[Vulkan Loader] LAYER:                /etc/xdg/vulkan/implicit_layer.d
[Vulkan Loader] LAYER:                /opt/homebrew/etc/vulkan/implicit_layer.d
[Vulkan Loader] LAYER:                /etc/vulkan/implicit_layer.d
[Vulkan Loader] LAYER:                /Users/xyz/.local/share/vulkan/implicit_layer.d
[Vulkan Loader] LAYER:                /usr/local/share/vulkan/implicit_layer.d
[Vulkan Loader] LAYER:                /usr/share/vulkan/implicit_layer.d
[Vulkan Loader] LAYER:                /Users/xyz/.nix-profile/share/vulkan/implicit_layer.d
[Vulkan Loader] LAYER:                /nix/var/nix/profiles/default/share/vulkan/implicit_layer.d
[Vulkan Loader] LAYER:             Found no files
[Vulkan Loader] LAYER:          Searching for implicit layer manifest files
[Vulkan Loader] LAYER:             In following locations:
[Vulkan Loader] LAYER:                /Library/Java/JavaVirtualMachines/temurin-25.jdk/Contents/Home/bin/vulkan/implicit_layer.d
[Vulkan Loader] LAYER:                /Users/xyz/.config/vulkan/implicit_layer.d
[Vulkan Loader] LAYER:                /opt/homebrew/etc/xdg/vulkan/implicit_layer.d
[Vulkan Loader] LAYER:                /etc/xdg/vulkan/implicit_layer.d
[Vulkan Loader] LAYER:                /opt/homebrew/etc/vulkan/implicit_layer.d
[Vulkan Loader] LAYER:                /etc/vulkan/implicit_layer.d
[Vulkan Loader] LAYER:                /Users/xyz/.local/share/vulkan/implicit_layer.d
[Vulkan Loader] LAYER:                /usr/local/share/vulkan/implicit_layer.d
[Vulkan Loader] LAYER:                /usr/share/vulkan/implicit_layer.d
[Vulkan Loader] LAYER:                /Users/xyz/.nix-profile/share/vulkan/implicit_layer.d
[Vulkan Loader] LAYER:                /nix/var/nix/profiles/default/share/vulkan/implicit_layer.d
[Vulkan Loader] LAYER:             Found no files
[Vulkan Loader] LAYER:          Searching for explicit layer manifest files
[Vulkan Loader] LAYER:             In following locations:
[Vulkan Loader] LAYER:                /opt/homebrew/opt/vulkan-validationlayers/share/vulkan/explicit_layer.d
[Vulkan Loader] LAYER:             Found the following files:
[Vulkan Loader] LAYER:                /opt/homebrew/opt/vulkan-validationlayers/share/vulkan/explicit_layer.d/VkLayer_khronos_validation.json
[10:11:10] [Render thread/WARN] (Minecraft) Enabling Vulkan validation layers
[Vulkan Loader] LAYER:          Searching for implicit layer manifest files
[Vulkan Loader] LAYER:             In following locations:
[Vulkan Loader] LAYER:                /Library/Java/JavaVirtualMachines/temurin-25.jdk/Contents/Home/bin/vulkan/implicit_layer.d
[Vulkan Loader] LAYER:                /Users/xyz/.config/vulkan/implicit_layer.d
[Vulkan Loader] LAYER:                /opt/homebrew/etc/xdg/vulkan/implicit_layer.d
[Vulkan Loader] LAYER:                /etc/xdg/vulkan/implicit_layer.d
[Vulkan Loader] LAYER:                /opt/homebrew/etc/vulkan/implicit_layer.d
[Vulkan Loader] LAYER:                /etc/vulkan/implicit_layer.d
[Vulkan Loader] LAYER:                /Users/xyz/.local/share/vulkan/implicit_layer.d
[Vulkan Loader] LAYER:                /usr/local/share/vulkan/implicit_layer.d
[Vulkan Loader] LAYER:                /usr/share/vulkan/implicit_layer.d
[Vulkan Loader] LAYER:                /Users/xyz/.nix-profile/share/vulkan/implicit_layer.d
[Vulkan Loader] LAYER:                /nix/var/nix/profiles/default/share/vulkan/implicit_layer.d
[Vulkan Loader] LAYER:             Found no files
[Vulkan Loader] LAYER:          Searching for implicit layer manifest files
[Vulkan Loader] LAYER:             In following locations:
[Vulkan Loader] LAYER:                /Library/Java/JavaVirtualMachines/temurin-25.jdk/Contents/Home/bin/vulkan/implicit_layer.d
[Vulkan Loader] LAYER:                /Users/xyz/.config/vulkan/implicit_layer.d
[Vulkan Loader] LAYER:                /opt/homebrew/etc/xdg/vulkan/implicit_layer.d
[Vulkan Loader] LAYER:                /etc/xdg/vulkan/implicit_layer.d
[Vulkan Loader] LAYER:                /opt/homebrew/etc/vulkan/implicit_layer.d
[Vulkan Loader] LAYER:                /etc/vulkan/implicit_layer.d
[Vulkan Loader] LAYER:                /Users/xyz/.local/share/vulkan/implicit_layer.d
[Vulkan Loader] LAYER:                /usr/local/share/vulkan/implicit_layer.d
[Vulkan Loader] LAYER:                /usr/share/vulkan/implicit_layer.d
[Vulkan Loader] LAYER:                /Users/xyz/.nix-profile/share/vulkan/implicit_layer.d
[Vulkan Loader] LAYER:                /nix/var/nix/profiles/default/share/vulkan/implicit_layer.d
[Vulkan Loader] LAYER:             Found no files
[Vulkan Loader] LAYER:          Searching for implicit layer manifest files
[Vulkan Loader] LAYER:             In following locations:
[Vulkan Loader] LAYER:                /Library/Java/JavaVirtualMachines/temurin-25.jdk/Contents/Home/bin/vulkan/implicit_layer.d
[Vulkan Loader] LAYER:                /Users/xyz/.config/vulkan/implicit_layer.d
[Vulkan Loader] LAYER:                /opt/homebrew/etc/xdg/vulkan/implicit_layer.d
[Vulkan Loader] LAYER:                /etc/xdg/vulkan/implicit_layer.d
[Vulkan Loader] LAYER:                /opt/homebrew/etc/vulkan/implicit_layer.d
[Vulkan Loader] LAYER:                /etc/vulkan/implicit_layer.d
[Vulkan Loader] LAYER:                /Users/xyz/.local/share/vulkan/implicit_layer.d
[Vulkan Loader] LAYER:                /usr/local/share/vulkan/implicit_layer.d
[Vulkan Loader] LAYER:                /usr/share/vulkan/implicit_layer.d
[Vulkan Loader] LAYER:                /Users/xyz/.nix-profile/share/vulkan/implicit_layer.d
[Vulkan Loader] LAYER:                /nix/var/nix/profiles/default/share/vulkan/implicit_layer.d
[Vulkan Loader] LAYER:             Found no files
[Vulkan Loader] LAYER:          Searching for implicit layer manifest files
[Vulkan Loader] LAYER:             In following locations:
[Vulkan Loader] LAYER:                /Library/Java/JavaVirtualMachines/temurin-25.jdk/Contents/Home/bin/vulkan/implicit_layer.d
[Vulkan Loader] LAYER:                /Users/xyz/.config/vulkan/implicit_layer.d
[Vulkan Loader] LAYER:                /opt/homebrew/etc/xdg/vulkan/implicit_layer.d
[Vulkan Loader] LAYER:                /etc/xdg/vulkan/implicit_layer.d
[Vulkan Loader] LAYER:                /opt/homebrew/etc/vulkan/implicit_layer.d
[Vulkan Loader] LAYER:                /etc/vulkan/implicit_layer.d
[Vulkan Loader] LAYER:                /Users/xyz/.local/share/vulkan/implicit_layer.d
[Vulkan Loader] LAYER:                /usr/local/share/vulkan/implicit_layer.d
[Vulkan Loader] LAYER:                /usr/share/vulkan/implicit_layer.d
[Vulkan Loader] LAYER:                /Users/xyz/.nix-profile/share/vulkan/implicit_layer.d
[Vulkan Loader] LAYER:                /nix/var/nix/profiles/default/share/vulkan/implicit_layer.d
[Vulkan Loader] LAYER:             Found no files
[Vulkan Loader] LAYER:          Searching for implicit layer manifest files
[Vulkan Loader] LAYER:             In following locations:
[Vulkan Loader] LAYER:                /Library/Java/JavaVirtualMachines/temurin-25.jdk/Contents/Home/bin/vulkan/implicit_layer.d
[Vulkan Loader] LAYER:                /Users/xyz/.config/vulkan/implicit_layer.d
[Vulkan Loader] LAYER:                /opt/homebrew/etc/xdg/vulkan/implicit_layer.d
[Vulkan Loader] LAYER:                /etc/xdg/vulkan/implicit_layer.d
[Vulkan Loader] LAYER:                /opt/homebrew/etc/vulkan/implicit_layer.d
[Vulkan Loader] LAYER:                /etc/vulkan/implicit_layer.d
[Vulkan Loader] LAYER:                /Users/xyz/.local/share/vulkan/implicit_layer.d
[Vulkan Loader] LAYER:                /usr/local/share/vulkan/implicit_layer.d
[Vulkan Loader] LAYER:                /usr/share/vulkan/implicit_layer.d
[Vulkan Loader] LAYER:                /Users/xyz/.nix-profile/share/vulkan/implicit_layer.d
[Vulkan Loader] LAYER:                /nix/var/nix/profiles/default/share/vulkan/implicit_layer.d
[Vulkan Loader] LAYER:             Found no files
[Vulkan Loader] LAYER:          Searching for explicit layer manifest files
[Vulkan Loader] LAYER:             In following locations:
[Vulkan Loader] LAYER:                /opt/homebrew/opt/vulkan-validationlayers/share/vulkan/explicit_layer.d
[Vulkan Loader] LAYER:             Found the following files:
[Vulkan Loader] LAYER:                /opt/homebrew/opt/vulkan-validationlayers/share/vulkan/explicit_layer.d/VkLayer_khronos_validation.json
[Vulkan Loader] WARNING | LAYER: env var 'VK_INSTANCE_LAYERS' defined and adding layers "VK_LAYER_KHRONOS_validation"
[Vulkan Loader] WARNING | LAYER: env var 'VK_INSTANCE_LAYERS' defined and adding layers "VK_LAYER_KHRONOS_validation"
[Vulkan Loader] DEBUG | LAYER:  Loading layer library libVkLayer_khronos_validation.dylib
[Vulkan Loader] INFO | LAYER:   Insert instance layer "VK_LAYER_KHRONOS_validation" (/opt/homebrew/Cellar/vulkan-validationlayers/1.4.357.0/lib/libVkLayer_khronos_validation.dylib)
[Vulkan Loader] LAYER:          vkCreateInstance layer callstack setup to:
[Vulkan Loader] LAYER:             <Application>
[Vulkan Loader] LAYER:               ||
[Vulkan Loader] LAYER:             <Loader>
[Vulkan Loader] LAYER:               ||
[Vulkan Loader] LAYER:             VK_LAYER_KHRONOS_validation
[Vulkan Loader] LAYER:                     Type: Explicit
[Vulkan Loader] LAYER:                     Enabled By: Environment Variable VK_INSTANCE_LAYERS
[Vulkan Loader] LAYER:                     Manifest: /opt/homebrew/opt/vulkan-validationlayers/share/vulkan/explicit_layer.d/VkLayer_khronos_validation.json
[Vulkan Loader] LAYER:                     Library:  /opt/homebrew/Cellar/vulkan-validationlayers/1.4.357.0/lib/libVkLayer_khronos_validation.dylib
[Vulkan Loader] LAYER:               ||
[Vulkan Loader] LAYER:             <Drivers>
[10:11:10] [Render thread/WARN] (Voxy) [me.cx.vy.ct.ce.vk.me.McNativeDeviceFeatures]: [native-vk] drawIndirectFirstInstance: offset 40 verified by read-back
[10:11:10] [Render thread/WARN] (Voxy) [me.cx.vy.ct.ce.vk.me.McNativeDeviceFeatures]: [native-vk] shaderInt64: offset 160 verified by read-back
[10:11:10] [Render thread/WARN] (Voxy) [me.cx.vy.ct.ce.vk.me.McNativeDeviceFeatures]: [native-vk] fragmentStoresAndAtomics: offset 104 verified by read-back
[10:11:10] [Render thread/WARN] (Voxy) [me.cx.vy.ct.ce.vk.me.McNativeDeviceFeatures]: [native-vk] vertexPipelineStoresAndAtomics: offset 100 verified by read-back
[10:11:10] [Render thread/INFO] (Voxy) [me.cx.vy.ct.ce.vk.me.McNativeDeviceFeatures]: [native-vk] asked Minecraft's device for [drawIndirectFirstInstance, shaderInt64, fragmentStoresAndAtomics, vertexPipelineStoresAndAtomics] (supported by this device, not requested by Minecraft)
[Vulkan Loader] INFO | LAYER:   Inserted device layer "VK_LAYER_KHRONOS_validation" (/opt/homebrew/Cellar/vulkan-validationlayers/1.4.357.0/lib/libVkLayer_khronos_validation.dylib)
[Vulkan Loader] DRIVER:         vkCreateDevice layer callstack setup to:
[Vulkan Loader] DRIVER:            <Application>
[Vulkan Loader] DRIVER:              ||
[Vulkan Loader] DRIVER:            <Loader>
[Vulkan Loader] DRIVER:              ||
[Vulkan Loader] LAYER:             VK_LAYER_KHRONOS_validation
[Vulkan Loader] LAYER:                     Type: Explicit
[Vulkan Loader] LAYER:                     Enabled By: Environment Variable VK_INSTANCE_LAYERS
[Vulkan Loader] LAYER:                     Manifest: /opt/homebrew/opt/vulkan-validationlayers/share/vulkan/explicit_layer.d/VkLayer_khronos_validation.json
[Vulkan Loader] LAYER:                     Library:  /opt/homebrew/Cellar/vulkan-validationlayers/1.4.357.0/lib/libVkLayer_khronos_validation.dylib
[Vulkan Loader] LAYER:               ||
[Vulkan Loader] DRIVER:            <Device>
[Vulkan Loader] DRIVER:                Using "Apple M4 Pro" with driver: "/opt/homebrew/Cellar/molten-vk/1.4.2/lib/libMoltenVK.dylib"
[Vulkan Loader] LAYER:          Searching for implicit layer manifest files
[Vulkan Loader] LAYER:             In following locations:
[Vulkan Loader] LAYER:                /Library/Java/JavaVirtualMachines/temurin-25.jdk/Contents/Home/bin/vulkan/implicit_layer.d
[Vulkan Loader] LAYER:                /Users/xyz/.config/vulkan/implicit_layer.d
[Vulkan Loader] LAYER:                /opt/homebrew/etc/xdg/vulkan/implicit_layer.d
[Vulkan Loader] LAYER:                /etc/xdg/vulkan/implicit_layer.d
[Vulkan Loader] LAYER:                /opt/homebrew/etc/vulkan/implicit_layer.d
[Vulkan Loader] LAYER:                /etc/vulkan/implicit_layer.d
[Vulkan Loader] LAYER:                /Users/xyz/.local/share/vulkan/implicit_layer.d
[Vulkan Loader] LAYER:                /usr/local/share/vulkan/implicit_layer.d
[Vulkan Loader] LAYER:                /usr/share/vulkan/implicit_layer.d
[Vulkan Loader] LAYER:                /Users/xyz/.nix-profile/share/vulkan/implicit_layer.d
[Vulkan Loader] LAYER:                /nix/var/nix/profiles/default/share/vulkan/implicit_layer.d
[Vulkan Loader] LAYER:             Found no files
[10:11:10] [Render thread/INFO] (Voxy) [me.cx.vy.ct.ce.vk.VkContext]: Vulkan (adopted from the host application): Apple M4 Pro api=1.2.357 driver=0.2.2210 vendorID=0x106b deviceID=0x1b000209 (adopted) queueFamily=0 subgroupSize=32 timestampBits=64 maxPushConstants=4096 minSsboOffsetAlign=16 unifiedMemType=1 metalObjects=false validation=true syncValidation=false
[10:11:10] [Render thread/INFO] (Voxy) [me.cx.vy.ct.ce.vk.me.McNativeVkContext]: [native-vk] adopted Minecraft's Vulkan device into VkContext: true
[10:11:10] [Render thread/WARN] (Voxy) [me.cx.vy.ct.ce.gl.Capabilities]: No OpenGL context on this thread (IllegalStateException); Minecraft is probably not using the OpenGL backend. Voxy will disable itself.
[10:11:10] [Render thread/ERROR] (Voxy) [me.cx.vy.ct.VoxyClient]: Minecraft is not using the OpenGL backend; Voxy's Vulkan path still needs a GL context to composite through. Voxy will disable itself. (set preferredGraphicsBackend to "default" in options.txt)
[10:11:10] [Render thread/ERROR] (Voxy) [me.cx.vy.ct.VoxyClient]: Voxy is unsupported on your system.
[10:11:10] [Render thread/INFO] (Voxy) [me.cx.vy.ct.VoxyClient]: [native-vk] native instance mode: Minecraft is on Vulkan and voxy.native.instance is set; starting Voxy's instance (world engine, storage, ingest) without a render path
[10:11:10] [Render thread/INFO] (Minecraft) Using graphics backend Vulkan, using drivers: 1.2.357 MoltenVK 1.4.2
[10:11:10] [Render thread/INFO] (Minecraft) Using graphics device: Apple M4 Pro (APPLE)
[10:11:10] [Render thread/INFO] (Minecraft) Using graphics device extensions: VK_KHR_portability_subset (D), VK_KHR_synchronization2 (D), VK_EXT_metal_surface (I), VK_EXT_vertex_attribute_divisor (D), VK_KHR_portability_enumeration (I), VK_KHR_swapchain (D), VK_KHR_surface (I), VK_KHR_push_descriptor (D), VK_EXT_debug_utils (I), VK_KHR_dynamic_rendering (D)
[10:11:10] [Download-3/INFO] (Mod Menu/Update Checker) Update available for 'lithium@0.25.1+mc26.2', (-> mc26.2-0.25.3-fabric)
[10:11:10] [Download-3/INFO] (Mod Menu/Update Checker) Update available for 'fabric-api@0.152.2+26.2', (-> 0.161.0+26.2)
[10:11:10] [Download-3/INFO] (Mod Menu/Update Checker) Update available for 'sodium@0.9.2-alpha.3+mc26.2', (-> mc26.2-0.9.2-fabric)
[10:11:10] [Download-3/INFO] (Mod Menu/Update Checker) Update available for 'modmenu@20.0.0', (-> 20.0.3)
[10:11:11] [Render thread/INFO] (Minecraft) Reloading ResourceManager: vanilla, fabric-api, fabric-api-base, fabric-api-lookup-api-v1, fabric-biome-api-v1, fabric-block-api-v1, fabric-block-getter-api-v2, fabric-client-gametest-api-v1, fabric-command-api-v2, fabric-content-registries-v0, fabric-convention-tags-v2, fabric-crash-report-info-v1, fabric-creative-tab-api-v1, fabric-data-attachment-api-v1, fabric-data-generation-api-v1, fabric-debug-api-v1, fabric-dimensions-v1, fabric-entity-events-v1, fabric-events-interaction-v0, fabric-game-rule-api-v1, fabric-gametest-api-v1, fabric-item-api-v1, fabric-key-mapping-api-v1, fabric-lifecycle-events-v1, fabric-loot-api-v3, fabric-menu-api-v1, fabric-message-api-v1, fabric-model-loading-api-v1, fabric-networking-api-v1, fabric-object-builder-api-v1, fabric-particles-v1, fabric-permission-api-v1, fabric-recipe-api-v1, fabric-registry-sync-v0, fabric-renderer-api-v1, fabric-renderer-indigo, fabric-rendering-fluids-v1, fabric-rendering-v1, fabric-resource-conditions-api-v1, fabric-resource-loader-v0, fabric-resource-loader-v1, fabric-screen-api-v1, fabric-serialization-api-v1, fabric-sound-api-v1, fabric-tag-api-v1, fabric-transfer-api-v1, fabric-transitive-access-wideners-v1, fabricloader, lithium, modmenu, sodium, voxy
[10:11:11] [Worker-Main-5/INFO] (Minecraft) Found unifont_all_no_pua-17.0.01.hex, loading
[10:11:11] [Worker-Main-10/INFO] (Minecraft) Found unifont_pua-17.0.01.hex, loading
[10:11:11] [Worker-Main-2/INFO] (Minecraft) Found unifont_jp_patch-17.0.01.hex, loading
[10:11:11] [Download-3/INFO] (Minecraft) Could not authorize you against Realms server: java.lang.RuntimeException: Failed to parse into SignedJWT: FabricMC
[10:11:12] [Render thread/INFO] (Minecraft) OpenAL initialized on device MacBook Pro Speakers
[10:11:12] [Render thread/INFO] (Minecraft) Sound engine started
[10:11:12] [Render thread/INFO] (Minecraft) Created: 512x256x0 minecraft:textures/atlas/particles.png-atlas
[10:11:12] [Render thread/INFO] (Minecraft) Created: 128x128x0 minecraft:textures/atlas/decorated_pot.png-atlas
[10:11:12] [Render thread/INFO] (Minecraft) Created: 2048x1024x0 minecraft:textures/atlas/armor_trims.png-atlas
[10:11:12] [Render thread/INFO] (Minecraft) Created: 512x256x0 minecraft:textures/atlas/paintings.png-atlas
[10:11:12] [Render thread/INFO] (Minecraft) Created: 1024x512x0 minecraft:textures/atlas/shield_patterns.png-atlas
[10:11:12] [Render thread/INFO] (Minecraft) Created: 2048x2048x4 minecraft:textures/atlas/blocks.png-atlas
[10:11:12] [Render thread/INFO] (Minecraft) Created: 512x512x0 minecraft:textures/atlas/chest.png-atlas
[10:11:12] [Render thread/INFO] (Minecraft) Created: 256x128x0 minecraft:textures/atlas/celestials.png-atlas
[10:11:12] [Render thread/INFO] (Minecraft) Created: 1024x512x0 minecraft:textures/atlas/banner_patterns.png-atlas
[10:11:12] [Render thread/INFO] (Minecraft) Created: 1024x512x0 minecraft:textures/atlas/items.png-atlas
[10:11:12] [Render thread/INFO] (Minecraft) Created: 1024x1024x0 minecraft:textures/atlas/gui.png-atlas
[10:11:12] [Render thread/INFO] (Minecraft) Created: 128x64x0 minecraft:textures/atlas/map_decorations.png-atlas
[10:11:12] [Render thread/INFO] (Minecraft) Created: 512x512x0 minecraft:textures/atlas/shulker_boxes.png-atlas
[10:11:13] [Render thread/INFO] (Voxy) [me.cx.vy.ct.cg.VoxyConfig]: Config file doesnt exist, creating new
[10:11:13] [Render thread/INFO] (Minecraft) [STDOUT]: [voxy-harness] stage=create
[10:11:13] [Download-3/INFO] (Minecraft) Could not authorize you against Realms server: java.lang.RuntimeException: Failed to parse into SignedJWT: FabricMC
[10:11:13] [Render thread/INFO] (Minecraft) Found new data pack fabric-convention-tags-v2, loading it automatically
[10:11:13] [Render thread/INFO] (Minecraft) Found new data pack fabric-gametest-api-v1, loading it automatically
[10:11:13] [Render thread/INFO] (Minecraft) Loaded 1585 recipes
[10:11:13] [Render thread/INFO] (Minecraft) Loaded 1688 advancements
[10:11:13] [Render thread/INFO] (BiomeModificationImpl) Applied 0 biome modifications to 0 of 66 new biomes in 487.6 μs
[10:11:13] [Server thread/INFO] (Minecraft) Starting integrated minecraft server version 26.2
[10:11:13] [Server thread/INFO] (Minecraft) Generating keypair
[10:11:14] [Server thread/INFO] (Minecraft) Selecting global world spawn...
[10:11:14] [Server thread/INFO] (Minecraft) Loading 0 persistent chunks...
[10:11:14] [Server thread/INFO] (Minecraft) Preparing spawn area: 16%
[10:11:14] [Server thread/INFO] (Minecraft) Saving chunks for level 'ServerLevel[voxy-harness]'/minecraft:overworld
[10:11:15] [Server thread/INFO] (Minecraft) Saving chunks for level 'ServerLevel[voxy-harness]'/minecraft:the_end
[10:11:15] [Server thread/INFO] (Minecraft) Saving chunks for level 'ServerLevel[voxy-harness]'/minecraft:the_nether
[10:11:15] [Server thread/INFO] (Minecraft) ThreadedAnvilChunkStorage (world): All chunks are saved
[10:11:15] [Server thread/INFO] (Minecraft) ThreadedAnvilChunkStorage (DIM1): All chunks are saved
[10:11:15] [Server thread/INFO] (Minecraft) ThreadedAnvilChunkStorage (DIM-1): All chunks are saved
[10:11:15] [Server thread/INFO] (Minecraft) ThreadedAnvilChunkStorage: All dimensions are saved
[10:11:15] [Server thread/INFO] (Minecraft) Loading 47 chunks for player spawn...
[10:11:15] [Server thread/INFO] (Minecraft) Preparing spawn area: 16%
[10:11:15] [Server thread/INFO] (Minecraft) Preparing spawn area: 16%
[10:11:15] [Server thread/INFO] (Minecraft) Preparing spawn area: 16%
[10:11:16] [Server thread/INFO] (Minecraft) Preparing spawn area: 29%
[10:11:16] [Server thread/INFO] (Minecraft) Time elapsed: 2415 ms
[10:11:16] [Server thread/INFO] (Minecraft) Player681[local:E:fe6fb876] logged in with entity id 5 at (-5.5, 66.0, 8.5)
[10:11:16] [Server thread/INFO] (Minecraft) Player681 joined the game
[10:11:16] [Render thread/INFO] (Voxy) [me.cx.vy.cl.VoxyInstance]: Initializing voxy instance
[10:11:16] [Render thread/INFO] (Voxy) [me.cx.vy.cl.VoxyInstance]: Dedicated voxy thread pool size: 9
[10:11:16] [Render thread/INFO] (Voxy) [me.cx.vy.cl.VoxyInstance]: Creating new world engine: 7462760223788803275@49208865
[10:11:16] [Server thread/INFO] (Minecraft) Changing view distance to 8, from 10
[10:11:16] [Server thread/INFO] (Minecraft) Changing simulation distance to 5, from 0
[10:11:17] [Render thread/INFO] (Voxy) [nt.mt.ct.rr.LevelRenderer]: [native-vk] native instance mode: world engine created; no renderer
[10:11:17] [Render thread/INFO] (ChunkBuilder) Started 8 worker threads
[10:11:17] [Render thread/INFO] (Voxy) [me.cx.vy.cl.VoxyInstance]: Dedicated voxy thread pool size: 1
[10:11:17] [Render thread/INFO] (Minecraft) Loaded 2 advancements
[10:11:17] [Render thread/INFO] (ChunkBuilder) Stopping worker threads
[10:11:17] [Render thread/INFO] (ChunkBuilder) Started 8 worker threads
[10:11:17] [Render thread/INFO] (Voxy) [me.cx.vy.ct.ce.vk.me.McNativeHierarchicalLoad]: [native-vk] hier frames entering stage create: composited=0 skipped=0 builds=0
[10:11:17] [Render thread/INFO] (Voxy) [me.cx.vy.ct.ce.vk.me.McNativeAtlas]: [native-vk] requested the block atlas (2048x2048) through Blaze3D
[10:11:17] [Render thread/INFO] (Minecraft) Resizing Dynamic Transforms UBO, capacity limit of 2 reached during a single frame. New capacity will be 4.
[10:11:17] [Render thread/INFO] (Minecraft) [STDOUT]: [voxy-harness] stage=warmup
[10:11:17] [Server thread/INFO] (Minecraft) [Player681: Set minecraft:overworld to time marker minecraft:noon]
[10:11:17] [Server thread/INFO] (Minecraft) [Player681: Set the weather to clear]
[10:11:17] [Server thread/INFO] (Minecraft) [Player681: Teleported Player681 to 0.500000, 120.000000, 0.500000]
[10:11:17] [Render thread/INFO] (Minecraft) Resizing Dynamic Transforms UBO, capacity limit of 4 reached during a single frame. New capacity will be 8.
[10:11:17] [Render thread/INFO] (Voxy) [me.cx.vy.ct.ce.vk.me.McNativeHierarchicalLoad]: [native-vk] hier frames entering stage warmup: composited=0 skipped=1 builds=0
[10:11:17] [Download-3/ERROR] (Minecraft) Failed to retrieve profile key pair

MinecraftClientHttpException[type=HTTP_ERROR, status=401, response=ErrorResponse[path=/player/certificates, error=null, errorMessage=null, details=null]]
	at knot//com.mojang.authlib.minecraft.client.MinecraftClient.buildHttpException(MinecraftClient.java:170)
	at knot//com.mojang.authlib.minecraft.client.MinecraftClient.readServiceResponse(MinecraftClient.java:147)
	at knot//com.mojang.authlib.minecraft.client.MinecraftClient.post(MinecraftClient.java:89)
	at knot//com.mojang.authlib.yggdrasil.YggdrasilUserApiService.getKeyPair(YggdrasilUserApiService.java:62)
	at knot//net.minecraft.client.multiplayer.AccountProfileKeyPairManager.fetchProfileKeyPair(AccountProfileKeyPairManager.java:128)
	at knot//net.minecraft.client.multiplayer.AccountProfileKeyPairManager.lambda$readOrFetchProfileKeyPair$0(AccountProfileKeyPairManager.java:77)
	at java.base/java.util.concurrent.CompletableFuture$AsyncSupply.run(CompletableFuture.java:1789)
	at java.base/java.util.concurrent.ThreadPoolExecutor.runWorker(ThreadPoolExecutor.java:1090)
	at java.base/java.util.concurrent.ThreadPoolExecutor$Worker.run(ThreadPoolExecutor.java:614)
	at java.base/java.lang.Thread.run(Thread.java:1474)
[10:11:17] [Render thread/INFO] (Voxy) [me.cx.vy.ct.ce.vk.me.McNativeAtlas]: [native-vk] block atlas read through Blaze3D: 2048x2048
[10:11:17] [Render thread/INFO] (Minecraft) [System] [CHAT] Set minecraft:overworld to time marker minecraft:noon
[10:11:17] [Render thread/INFO] (Minecraft) [System] [CHAT] Set the weather to clear
[10:11:17] [Render thread/INFO] (Minecraft) [System] [CHAT] Teleported Player681 to 0.500000, 120.000000, 0.500000
[10:11:17] [Render thread/INFO] (Voxy) [me.cx.vy.ct.ce.vk.sr.VkShader$Builder]: VkShader 'vk-hiz': 1 bindings, push=0B, stages=[VERTEX, FRAGMENT]
[10:11:17] [Render thread/INFO] (Voxy) [me.cx.vy.ct.ce.vk.sr.VkShader$Builder]: VkShader 'vk-traversal': 10 bindings, push=4B, stages=[COMPUTE]
[10:11:17] [Render thread/INFO] (Voxy) [me.cx.vy.ct.ce.vk.sr.VkShader$Builder]: VkShader 'vk-merged-prep': 8 bindings, push=0B, stages=[COMPUTE]
[10:11:17] [Render thread/INFO] (Voxy) [me.cx.vy.ct.ce.vk.sr.VkShader$Builder]: VkShader 'vk-merged-cmdgen': 10 bindings, push=0B, stages=[COMPUTE]
[10:11:17] [Render thread/INFO] (Voxy) [me.cx.vy.ct.ce.vk.sr.VkShader$Builder]: VkShader 'vk-temporal-prefix': 2 bindings, push=12B, stages=[COMPUTE]
[10:11:17] [Render thread/INFO] (Voxy) [me.cx.vy.ct.ce.vk.sr.VkShader$Builder]: VkShader 'vk-translucent-bucket-scan': 1 bindings, push=0B, stages=[COMPUTE]
[10:11:17] [Render thread/INFO] (Voxy) [me.cx.vy.ct.ce.vk.sr.VkShader$Builder]: VkShader 'vk-translucent-gen': 7 bindings, push=0B, stages=[COMPUTE]
[10:11:17] [Render thread/INFO] (Voxy) [me.cx.vy.ct.ce.vk.sr.VkShader$Builder]: VkShader 'vk-translucent-prefix': 4 bindings, push=4B, stages=[COMPUTE]
[10:11:17] [Render thread/INFO] (Voxy) [me.cx.vy.ct.ce.vk.sr.VkShader$Builder]: VkShader 'vk-merged-prefix': 2 bindings, push=12B, stages=[COMPUTE]
[10:11:17] [Render thread/INFO] (Voxy) [me.cx.vy.ct.ce.vk.sr.VkShader$Builder]: VkShader 'vk-cull-raster': 4 bindings, push=0B, stages=[VERTEX, FRAGMENT]
[10:11:17] [Render thread/INFO] (Voxy) [me.cx.vy.ct.ce.vk.sr.VkShader$Builder]: VkShader 'vk-terrain-merged': 10 bindings, push=0B, stages=[VERTEX, FRAGMENT]
[10:11:17] [Render thread/INFO] (Voxy) [me.cx.vy.ct.ce.vk.sr.VkShader$Builder]: VkShader 'vk-terrain-merged': 10 bindings, push=0B, stages=[VERTEX, FRAGMENT]
[10:11:17] [Render thread/INFO] (Voxy) [me.cx.vy.ct.ce.vk.sr.VkShader$Builder]: VkShader 'vk-terrain-merged': 10 bindings, push=0B, stages=[VERTEX, FRAGMENT]
[10:11:17] [Render thread/INFO] (Voxy) [me.cx.vy.ct.ce.vk.VkRealModelBakery]: [5c-3b] replayed 5 biomes already registered by the world
[10:11:17] [Render thread/INFO] (Voxy) [me.cx.vy.ct.ce.vk.sr.VkShader$Builder]: VkShader 'vk-vanilla-bound': 1 bindings, push=96B, stages=[VERTEX, FRAGMENT]
[10:11:17] [Render thread/INFO] (Voxy) [me.cx.vy.ct.ce.vk.sr.VkShader$Builder]: VkShader 'vk-depth-resolve-reproject': 1 bindings, push=128B, stages=[VERTEX, FRAGMENT]
[10:11:17] [Render thread/INFO] (Voxy) [me.cx.vy.ct.ce.vk.sr.VkShader$Builder]: VkShader 'vk-native-composite': 2 bindings, push=0B, stages=[VERTEX, FRAGMENT]
[10:11:17] [Render thread/INFO] (Voxy) [me.cx.vy.ct.ce.vk.me.McNativeHierarchicalLoad]: [native-vk] hier-LOAD scene #1: streaming render distance 17, sections -1..0
[10:11:17] [Render thread/ERROR] (Minecraft) vkCmdCopyImageToBuffer(): srcImage (VkImage 0x370000000037[Lightmap]) was created with VK_IMAGE_USAGE_2_TRANSFER_DST_BIT_KHR|VK_IMAGE_USAGE_2_SAMPLED_BIT_KHR|VK_IMAGE_USAGE_2_COLOR_ATTACHMENT_BIT_KHR but requires VK_IMAGE_USAGE_2_TRANSFER_SRC_BIT_KHR.
The Vulkan spec states: srcImage must have been created with the VK_IMAGE_USAGE_TRANSFER_SRC_BIT usage flag set (https://docs.vulkan.org/spec/latest/chapters/copies.html#VUID-vkCmdCopyImageToBuffer-srcImage-00186)
	knot//com.mojang.blaze3d.vulkan.VulkanCommandEncoder.copyTextureToBuffer(VulkanCommandEncoder.java:517)
	knot//com.mojang.blaze3d.vulkan.VulkanCommandEncoder.copyTextureToBuffer(VulkanCommandEncoder.java:498)
	knot//com.mojang.blaze3d.systems.CommandEncoder.copyTextureToBuffer(CommandEncoder.java:425)
	knot//me.cortex.voxy.client.core.vk.mcnative.McNativeLightmap.request(McNativeLightmap.java:45)
	knot//me.cortex.voxy.client.core.vk.mcnative.McNativeHierarchicalLoad.feedBound(McNativeHierarchicalLoad.java:144)
[10:11:17] [Render thread/INFO] (Minecraft) Resizing Dynamic Transforms UBO, capacity limit of 8 reached during a single frame. New capacity will be 16.
[10:11:18] [Render thread/ERROR] (Minecraft) vkCmdCopyImageToBuffer(): srcImage (VkImage 0x370000000037[Lightmap]) was created with VK_IMAGE_USAGE_2_TRANSFER_DST_BIT_KHR|VK_IMAGE_USAGE_2_SAMPLED_BIT_KHR|VK_IMAGE_USAGE_2_COLOR_ATTACHMENT_BIT_KHR but requires VK_IMAGE_USAGE_2_TRANSFER_SRC_BIT_KHR.
The Vulkan spec states: srcImage must have been created with the VK_IMAGE_USAGE_TRANSFER_SRC_BIT usage flag set (https://docs.vulkan.org/spec/latest/chapters/copies.html#VUID-vkCmdCopyImageToBuffer-srcImage-00186)
	knot//com.mojang.blaze3d.vulkan.VulkanCommandEncoder.copyTextureToBuffer(VulkanCommandEncoder.java:517)
	knot//com.mojang.blaze3d.vulkan.VulkanCommandEncoder.copyTextureToBuffer(VulkanCommandEncoder.java:498)
	knot//com.mojang.blaze3d.systems.CommandEncoder.copyTextureToBuffer(CommandEncoder.java:425)
	knot//me.cortex.voxy.client.core.vk.mcnative.McNativeLightmap.request(McNativeLightmap.java:45)
	knot//me.cortex.voxy.client.core.vk.mcnative.McNativeHierarchicalLoad.feedBound(McNativeHierarchicalLoad.java:144)
[10:11:18] [Render thread/ERROR] (Minecraft) vkCmdCopyImageToBuffer(): srcImage (VkImage 0x370000000037[Lightmap]) was created with VK_IMAGE_USAGE_2_TRANSFER_DST_BIT_KHR|VK_IMAGE_USAGE_2_SAMPLED_BIT_KHR|VK_IMAGE_USAGE_2_COLOR_ATTACHMENT_BIT_KHR but requires VK_IMAGE_USAGE_2_TRANSFER_SRC_BIT_KHR.
The Vulkan spec states: srcImage must have been created with the VK_IMAGE_USAGE_TRANSFER_SRC_BIT usage flag set (https://docs.vulkan.org/spec/latest/chapters/copies.html#VUID-vkCmdCopyImageToBuffer-srcImage-00186)
	knot//com.mojang.blaze3d.vulkan.VulkanCommandEncoder.copyTextureToBuffer(VulkanCommandEncoder.java:517)
	knot//com.mojang.blaze3d.vulkan.VulkanCommandEncoder.copyTextureToBuffer(VulkanCommandEncoder.java:498)
	knot//com.mojang.blaze3d.systems.CommandEncoder.copyTextureToBuffer(CommandEncoder.java:425)
	knot//me.cortex.voxy.client.core.vk.mcnative.McNativeLightmap.request(McNativeLightmap.java:45)
	knot//me.cortex.voxy.client.core.vk.mcnative.McNativeHierarchicalLoad.feedBound(McNativeHierarchicalLoad.java:144)
[10:11:18] [Render thread/ERROR] (Minecraft) vkCmdCopyImageToBuffer(): srcImage (VkImage 0x370000000037[Lightmap]) was created with VK_IMAGE_USAGE_2_TRANSFER_DST_BIT_KHR|VK_IMAGE_USAGE_2_SAMPLED_BIT_KHR|VK_IMAGE_USAGE_2_COLOR_ATTACHMENT_BIT_KHR but requires VK_IMAGE_USAGE_2_TRANSFER_SRC_BIT_KHR.
The Vulkan spec states: srcImage must have been created with the VK_IMAGE_USAGE_TRANSFER_SRC_BIT usage flag set (https://docs.vulkan.org/spec/latest/chapters/copies.html#VUID-vkCmdCopyImageToBuffer-srcImage-00186)
	knot//com.mojang.blaze3d.vulkan.VulkanCommandEncoder.copyTextureToBuffer(VulkanCommandEncoder.java:517)
	knot//com.mojang.blaze3d.vulkan.VulkanCommandEncoder.copyTextureToBuffer(VulkanCommandEncoder.java:498)
	knot//com.mojang.blaze3d.systems.CommandEncoder.copyTextureToBuffer(CommandEncoder.java:425)
	knot//me.cortex.voxy.client.core.vk.mcnative.McNativeLightmap.request(McNativeLightmap.java:45)
	knot//me.cortex.voxy.client.core.vk.mcnative.McNativeHierarchicalLoad.feedBound(McNativeHierarchicalLoad.java:144)
[10:11:18] [Render thread/ERROR] (Minecraft) vkCmdCopyImageToBuffer(): srcImage (VkImage 0x370000000037[Lightmap]) was created with VK_IMAGE_USAGE_2_TRANSFER_DST_BIT_KHR|VK_IMAGE_USAGE_2_SAMPLED_BIT_KHR|VK_IMAGE_USAGE_2_COLOR_ATTACHMENT_BIT_KHR but requires VK_IMAGE_USAGE_2_TRANSFER_SRC_BIT_KHR.
The Vulkan spec states: srcImage must have been created with the VK_IMAGE_USAGE_TRANSFER_SRC_BIT usage flag set (https://docs.vulkan.org/spec/latest/chapters/copies.html#VUID-vkCmdCopyImageToBuffer-srcImage-00186)
	knot//com.mojang.blaze3d.vulkan.VulkanCommandEncoder.copyTextureToBuffer(VulkanCommandEncoder.java:517)
	knot//com.mojang.blaze3d.vulkan.VulkanCommandEncoder.copyTextureToBuffer(VulkanCommandEncoder.java:498)
	knot//com.mojang.blaze3d.systems.CommandEncoder.copyTextureToBuffer(CommandEncoder.java:425)
	knot//me.cortex.voxy.client.core.vk.mcnative.McNativeLightmap.request(McNativeLightmap.java:45)
	knot//me.cortex.voxy.client.core.vk.mcnative.McNativeHierarchicalLoad.feedBound(McNativeHierarchicalLoad.java:144)
[10:11:18] [Render thread/ERROR] (Minecraft) vkCmdCopyImageToBuffer(): srcImage (VkImage 0x370000000037[Lightmap]) was created with VK_IMAGE_USAGE_2_TRANSFER_DST_BIT_KHR|VK_IMAGE_USAGE_2_SAMPLED_BIT_KHR|VK_IMAGE_USAGE_2_COLOR_ATTACHMENT_BIT_KHR but requires VK_IMAGE_USAGE_2_TRANSFER_SRC_BIT_KHR.
The Vulkan spec states: srcImage must have been created with the VK_IMAGE_USAGE_TRANSFER_SRC_BIT usage flag set (https://docs.vulkan.org/spec/latest/chapters/copies.html#VUID-vkCmdCopyImageToBuffer-srcImage-00186)
	knot//com.mojang.blaze3d.vulkan.VulkanCommandEncoder.copyTextureToBuffer(VulkanCommandEncoder.java:517)
	knot//com.mojang.blaze3d.vulkan.VulkanCommandEncoder.copyTextureToBuffer(VulkanCommandEncoder.java:498)
	knot//com.mojang.blaze3d.systems.CommandEncoder.copyTextureToBuffer(CommandEncoder.java:425)
	knot//me.cortex.voxy.client.core.vk.mcnative.McNativeLightmap.request(McNativeLightmap.java:45)
	knot//me.cortex.voxy.client.core.vk.mcnative.McNativeHierarchicalLoad.feedBound(McNativeHierarchicalLoad.java:144)
[10:11:18] [Render thread/ERROR] (Minecraft) vkCmdCopyImageToBuffer(): srcImage (VkImage 0x370000000037[Lightmap]) was created with VK_IMAGE_USAGE_2_TRANSFER_DST_BIT_KHR|VK_IMAGE_USAGE_2_SAMPLED_BIT_KHR|VK_IMAGE_USAGE_2_COLOR_ATTACHMENT_BIT_KHR but requires VK_IMAGE_USAGE_2_TRANSFER_SRC_BIT_KHR.
The Vulkan spec states: srcImage must have been created with the VK_IMAGE_USAGE_TRANSFER_SRC_BIT usage flag set (https://docs.vulkan.org/spec/latest/chapters/copies.html#VUID-vkCmdCopyImageToBuffer-srcImage-00186)
	knot//com.mojang.blaze3d.vulkan.VulkanCommandEncoder.copyTextureToBuffer(VulkanCommandEncoder.java:517)
	knot//com.mojang.blaze3d.vulkan.VulkanCommandEncoder.copyTextureToBuffer(VulkanCommandEncoder.java:498)
	knot//com.mojang.blaze3d.systems.CommandEncoder.copyTextureToBuffer(CommandEncoder.java:425)
	knot//me.cortex.voxy.client.core.vk.mcnative.McNativeLightmap.request(McNativeLightmap.java:45)
	knot//me.cortex.voxy.client.core.vk.mcnative.McNativeHierarchicalLoad.feedBound(McNativeHierarchicalLoad.java:144)
[10:11:18] [Render thread/ERROR] (Minecraft) vkCmdCopyImageToBuffer(): srcImage (VkImage 0x370000000037[Lightmap]) was created with VK_IMAGE_USAGE_2_TRANSFER_DST_BIT_KHR|VK_IMAGE_USAGE_2_SAMPLED_BIT_KHR|VK_IMAGE_USAGE_2_COLOR_ATTACHMENT_BIT_KHR but requires VK_IMAGE_USAGE_2_TRANSFER_SRC_BIT_KHR.
The Vulkan spec states: srcImage must have been created with the VK_IMAGE_USAGE_TRANSFER_SRC_BIT usage flag set (https://docs.vulkan.org/spec/latest/chapters/copies.html#VUID-vkCmdCopyImageToBuffer-srcImage-00186)
	knot//com.mojang.blaze3d.vulkan.VulkanCommandEncoder.copyTextureToBuffer(VulkanCommandEncoder.java:517)
	knot//com.mojang.blaze3d.vulkan.VulkanCommandEncoder.copyTextureToBuffer(VulkanCommandEncoder.java:498)
	knot//com.mojang.blaze3d.systems.CommandEncoder.copyTextureToBuffer(CommandEncoder.java:425)
	knot//me.cortex.voxy.client.core.vk.mcnative.McNativeLightmap.request(McNativeLightmap.java:45)
	knot//me.cortex.voxy.client.core.vk.mcnative.McNativeHierarchicalLoad.feedBound(McNativeHierarchicalLoad.java:144)
[10:11:18] [Render thread/ERROR] (Minecraft) vkCmdCopyImageToBuffer(): srcImage (VkImage 0x370000000037[Lightmap]) was created with VK_IMAGE_USAGE_2_TRANSFER_DST_BIT_KHR|VK_IMAGE_USAGE_2_SAMPLED_BIT_KHR|VK_IMAGE_USAGE_2_COLOR_ATTACHMENT_BIT_KHR but requires VK_IMAGE_USAGE_2_TRANSFER_SRC_BIT_KHR.
The Vulkan spec states: srcImage must have been created with the VK_IMAGE_USAGE_TRANSFER_SRC_BIT usage flag set (https://docs.vulkan.org/spec/latest/chapters/copies.html#VUID-vkCmdCopyImageToBuffer-srcImage-00186)
	knot//com.mojang.blaze3d.vulkan.VulkanCommandEncoder.copyTextureToBuffer(VulkanCommandEncoder.java:517)
	knot//com.mojang.blaze3d.vulkan.VulkanCommandEncoder.copyTextureToBuffer(VulkanCommandEncoder.java:498)
	knot//com.mojang.blaze3d.systems.CommandEncoder.copyTextureToBuffer(CommandEncoder.java:425)
	knot//me.cortex.voxy.client.core.vk.mcnative.McNativeLightmap.request(McNativeLightmap.java:45)
	knot//me.cortex.voxy.client.core.vk.mcnative.McNativeHierarchicalLoad.feedBound(McNativeHierarchicalLoad.java:144)
[10:11:18] [Render thread/ERROR] (Minecraft) (Warning - This VUID has now been reported 10 times, which is the duplicate_message_limit value, this will be the last time reporting it).
vkCmdCopyImageToBuffer(): srcImage (VkImage 0x370000000037[Lightmap]) was created with VK_IMAGE_USAGE_2_TRANSFER_DST_BIT_KHR|VK_IMAGE_USAGE_2_SAMPLED_BIT_KHR|VK_IMAGE_USAGE_2_COLOR_ATTACHMENT_BIT_KHR but requires VK_IMAGE_USAGE_2_TRANSFER_SRC_BIT_KHR.
The Vulkan spec states: srcImage must have been created with the VK_IMAGE_USAGE_TRANSFER_SRC_BIT usage flag set (https://docs.vulkan.org/spec/latest/chapters/copies.html#VUID-vkCmdCopyImageToBuffer-srcImage-00186)
	knot//com.mojang.blaze3d.vulkan.VulkanCommandEncoder.copyTextureToBuffer(VulkanCommandEncoder.java:517)
	knot//com.mojang.blaze3d.vulkan.VulkanCommandEncoder.copyTextureToBuffer(VulkanCommandEncoder.java:498)
	knot//com.mojang.blaze3d.systems.CommandEncoder.copyTextureToBuffer(CommandEncoder.java:425)
	knot//me.cortex.voxy.client.core.vk.mcnative.McNativeLightmap.request(McNativeLightmap.java:45)
	knot//me.cortex.voxy.client.core.vk.mcnative.McNativeHierarchicalLoad.feedBound(McNativeHierarchicalLoad.java:144)
[10:11:19] [Chunk Render Task Executor #6/INFO] (Voxy) [me.cx.vy.cn.wd.ActiveSectionTracker]: section raced to into save queue, we lost
[10:11:20] [Dedicated Voxy Worker #8/WARN] (Voxy) [me.cx.vy.cn.wd.ActiveSectionTracker]: section raced to save queue, we lost
[10:11:20] [Chunk Render Task Executor #4/WARN] (Voxy) [me.cx.vy.cn.wd.ActiveSectionTracker]: section raced to save queue, we lost
[10:11:21] [Chunk Render Task Executor #3/WARN] (Voxy) [me.cx.vy.cn.wd.ActiveSectionTracker]: section raced to save queue, we lost
[10:11:27] [Render thread/INFO] (Minecraft) [STDOUT]: [voxy-harness] stage=turn
[10:11:27] [Render thread/INFO] (Voxy) [me.cx.vy.ct.ce.vk.me.McNativeHierarchicalLoad]: [native-vk] hier frames entering stage turn: composited=524 skipped=2 builds=1
[10:11:38] [Render thread/INFO] (Minecraft) [STDOUT]: [voxy-harness] stage=travel
[10:11:38] [Server thread/INFO] (Minecraft) [Player681: Teleported Player681 to 768.500000, 120.000000, 0.500000]
[10:11:38] [Render thread/INFO] (Voxy) [me.cx.vy.ct.ce.vk.me.McNativeHierarchicalLoad]: [native-vk] hier frames entering stage travel: composited=1175 skipped=2 builds=1
[10:11:38] [Render thread/INFO] (Minecraft) [System] [CHAT] Teleported Player681 to 768.500000, 120.000000, 0.500000
[10:11:39] [Chunk Render Task Executor #5/WARN] (Voxy) [me.cx.vy.cn.wd.ActiveSectionTracker]: section raced to save queue, we lost
[10:11:39] [Dedicated Voxy Worker #8/WARN] (Voxy) [me.cx.vy.cn.wd.ActiveSectionTracker]: section raced to save queue, we lost
[10:11:39] [Chunk Render Task Executor #0/WARN] (Voxy) [me.cx.vy.cn.wd.ActiveSectionTracker]: section raced to save queue, we lost
[10:11:40] [Chunk Render Task Executor #7/WARN] (Voxy) [me.cx.vy.cn.wd.ActiveSectionTracker]: section raced to save queue, we lost
[10:11:40] [Chunk Render Task Executor #4/WARN] (Voxy) [me.cx.vy.cn.wd.ActiveSectionTracker]: section raced to save queue, we lost
[10:11:48] [Render thread/INFO] (Minecraft) [STDOUT]: [voxy-harness] stage=return
[10:11:48] [Server thread/INFO] (Minecraft) [Player681: Teleported Player681 to 0.500000, 120.000000, 0.500000]
[10:11:48] [Render thread/INFO] (Voxy) [me.cx.vy.ct.ce.vk.me.McNativeHierarchicalLoad]: [native-vk] hier frames entering stage return: composited=1764 skipped=2 builds=1
[10:11:48] [Render thread/INFO] (Minecraft) [System] [CHAT] Teleported Player681 to 0.500000, 120.000000, 0.500000
[10:11:58] [Render thread/INFO] (Minecraft) [STDOUT]: [voxy-harness] stage=horizon
[10:11:58] [Render thread/INFO] (Voxy) [me.cx.vy.ct.ce.vk.me.McNativeHierarchicalLoad]: [native-vk] hier frames entering stage horizon: composited=2356 skipped=2 builds=1
[10:11:58] [Server thread/INFO] (Minecraft) [Player681: Successfully filled 208 block(s)]
[10:11:58] [Server thread/INFO] (Minecraft) [Player681: Teleported Player681 to 0.500000, 160.000000, 0.500000]
[10:11:58] [Render thread/INFO] (Minecraft) [System] [CHAT] Successfully filled 208 block(s)
[10:11:58] [Render thread/INFO] (Minecraft) [System] [CHAT] Teleported Player681 to 0.500000, 160.000000, 0.500000
[10:12:08] [Render thread/INFO] (Minecraft) [STDOUT]: [voxy-harness] stage=edit
[10:12:08] [Render thread/INFO] (Voxy) [me.cx.vy.ct.ce.vk.me.McNativeHierarchicalLoad]: [native-vk] hier frames entering stage edit: composited=2947 skipped=2 builds=1
[10:12:08] [Server thread/INFO] (Minecraft) [Player681: Successfully filled 208 block(s)]
[10:12:08] [Server thread/INFO] (Minecraft) [Player681: Teleported Player681 to 0.500000, 120.000000, 0.500000]
[10:12:08] [Server thread/INFO] (Minecraft) [Player681: Successfully filled 1377 block(s)]
[10:12:08] [Render thread/INFO] (Minecraft) [System] [CHAT] Successfully filled 208 block(s)
[10:12:08] [Render thread/INFO] (Minecraft) [System] [CHAT] Teleported Player681 to 0.500000, 120.000000, 0.500000
[10:12:08] [Render thread/INFO] (Minecraft) [System] [CHAT] Successfully filled 1377 block(s)
[10:12:18] [Render thread/INFO] (Minecraft) [STDOUT]: [voxy-harness] stage=remove
[10:12:18] [Render thread/INFO] (Voxy) [me.cx.vy.ct.ce.vk.me.McNativeHierarchicalLoad]: [native-vk] hier frames entering stage remove: composited=3307 skipped=2 builds=1
[10:12:18] [Server thread/INFO] (Minecraft) [Player681: Successfully filled 1377 block(s)]
[10:12:18] [Render thread/INFO] (Minecraft) [System] [CHAT] Successfully filled 1377 block(s)
[10:12:28] [Render thread/INFO] (Minecraft) [STDOUT]: [voxy-harness] stage=resize
[10:12:28] [Render thread/INFO] (Voxy) [me.cx.vy.ct.ce.vk.me.McNativeHierarchicalLoad]: [native-vk] hier frames entering stage resize: composited=3605 skipped=2 builds=1
[10:12:28] [Render thread/INFO] (Voxy) [me.cx.vy.ct.ce.vk.sr.VkShader$Builder]: VkShader 'vk-hiz': 1 bindings, push=0B, stages=[VERTEX, FRAGMENT]
[10:12:28] [Render thread/INFO] (Voxy) [me.cx.vy.ct.ce.vk.sr.VkShader$Builder]: VkShader 'vk-traversal': 10 bindings, push=4B, stages=[COMPUTE]
[10:12:28] [Render thread/INFO] (Voxy) [me.cx.vy.ct.ce.vk.sr.VkShader$Builder]: VkShader 'vk-merged-prep': 8 bindings, push=0B, stages=[COMPUTE]
[10:12:28] [Render thread/INFO] (Voxy) [me.cx.vy.ct.ce.vk.sr.VkShader$Builder]: VkShader 'vk-merged-cmdgen': 10 bindings, push=0B, stages=[COMPUTE]
[10:12:28] [Render thread/INFO] (Voxy) [me.cx.vy.ct.ce.vk.sr.VkShader$Builder]: VkShader 'vk-temporal-prefix': 2 bindings, push=12B, stages=[COMPUTE]
[10:12:28] [Render thread/INFO] (Voxy) [me.cx.vy.ct.ce.vk.sr.VkShader$Builder]: VkShader 'vk-translucent-bucket-scan': 1 bindings, push=0B, stages=[COMPUTE]
[10:12:28] [Render thread/INFO] (Voxy) [me.cx.vy.ct.ce.vk.sr.VkShader$Builder]: VkShader 'vk-translucent-gen': 7 bindings, push=0B, stages=[COMPUTE]
[10:12:28] [Render thread/INFO] (Voxy) [me.cx.vy.ct.ce.vk.sr.VkShader$Builder]: VkShader 'vk-translucent-prefix': 4 bindings, push=4B, stages=[COMPUTE]
[10:12:28] [Render thread/INFO] (Voxy) [me.cx.vy.ct.ce.vk.sr.VkShader$Builder]: VkShader 'vk-merged-prefix': 2 bindings, push=12B, stages=[COMPUTE]
[10:12:28] [Render thread/INFO] (Voxy) [me.cx.vy.ct.ce.vk.sr.VkShader$Builder]: VkShader 'vk-cull-raster': 4 bindings, push=0B, stages=[VERTEX, FRAGMENT]
[10:12:28] [Render thread/INFO] (Voxy) [me.cx.vy.ct.ce.vk.sr.VkShader$Builder]: VkShader 'vk-terrain-merged': 10 bindings, push=0B, stages=[VERTEX, FRAGMENT]
[10:12:28] [Render thread/INFO] (Voxy) [me.cx.vy.ct.ce.vk.sr.VkShader$Builder]: VkShader 'vk-terrain-merged': 10 bindings, push=0B, stages=[VERTEX, FRAGMENT]
[10:12:28] [Render thread/INFO] (Voxy) [me.cx.vy.ct.ce.vk.sr.VkShader$Builder]: VkShader 'vk-terrain-merged': 10 bindings, push=0B, stages=[VERTEX, FRAGMENT]
[10:12:28] [Render thread/INFO] (Voxy) [me.cx.vy.ct.ce.vk.VkRealModelBakery]: [5c-3b] replayed 14 biomes already registered by the world
[10:12:28] [Render thread/INFO] (Voxy) [me.cx.vy.ct.ce.vk.sr.VkShader$Builder]: VkShader 'vk-vanilla-bound': 1 bindings, push=96B, stages=[VERTEX, FRAGMENT]
[10:12:28] [Render thread/INFO] (Voxy) [me.cx.vy.ct.ce.vk.sr.VkShader$Builder]: VkShader 'vk-depth-resolve-reproject': 1 bindings, push=128B, stages=[VERTEX, FRAGMENT]
[10:12:28] [Render thread/INFO] (Voxy) [me.cx.vy.ct.ce.vk.sr.VkShader$Builder]: VkShader 'vk-native-composite': 2 bindings, push=0B, stages=[VERTEX, FRAGMENT]
[10:12:28] [Render thread/INFO] (Voxy) [me.cx.vy.ct.ce.vk.me.McNativeHierarchicalLoad]: [native-vk] hier-LOAD scene #2: streaming render distance 17, sections -1..0
[10:12:38] [Render thread/INFO] (Minecraft) [STDOUT]: [voxy-harness] stage=reload
[10:12:38] [Render thread/INFO] (Minecraft) Reloading ResourceManager: vanilla, fabric-api, fabric-api-base, fabric-api-lookup-api-v1, fabric-biome-api-v1, fabric-block-api-v1, fabric-block-getter-api-v2, fabric-client-gametest-api-v1, fabric-command-api-v2, fabric-content-registries-v0, fabric-convention-tags-v2, fabric-crash-report-info-v1, fabric-creative-tab-api-v1, fabric-data-attachment-api-v1, fabric-data-generation-api-v1, fabric-debug-api-v1, fabric-dimensions-v1, fabric-entity-events-v1, fabric-events-interaction-v0, fabric-game-rule-api-v1, fabric-gametest-api-v1, fabric-item-api-v1, fabric-key-mapping-api-v1, fabric-lifecycle-events-v1, fabric-loot-api-v3, fabric-menu-api-v1, fabric-message-api-v1, fabric-model-loading-api-v1, fabric-networking-api-v1, fabric-object-builder-api-v1, fabric-particles-v1, fabric-permission-api-v1, fabric-recipe-api-v1, fabric-registry-sync-v0, fabric-renderer-api-v1, fabric-renderer-indigo, fabric-rendering-fluids-v1, fabric-rendering-v1, fabric-resource-conditions-api-v1, fabric-resource-loader-v0, fabric-resource-loader-v1, fabric-screen-api-v1, fabric-serialization-api-v1, fabric-sound-api-v1, fabric-tag-api-v1, fabric-transfer-api-v1, fabric-transitive-access-wideners-v1, fabricloader, lithium, modmenu, sodium, voxy
[10:12:38] [Render thread/INFO] (Voxy) [me.cx.vy.ct.ce.vk.me.McNativeHierarchicalLoad]: [native-vk] hier frames entering stage reload: composited=3895 skipped=2 builds=2
[10:12:38] [Worker-Main-3/INFO] (Minecraft) Found unifont_all_no_pua-17.0.01.hex, loading
[10:12:38] [Worker-Main-8/INFO] (Minecraft) Found unifont_pua-17.0.01.hex, loading
[10:12:38] [Server thread/INFO] (Minecraft) Saving and pausing game...
[10:12:38] [Server thread/INFO] (Minecraft) Saving chunks for level 'ServerLevel[voxy-harness]'/minecraft:overworld
[10:12:38] [Worker-Main-6/INFO] (Minecraft) Found unifont_jp_patch-17.0.01.hex, loading
[10:12:38] [Server thread/INFO] (Minecraft) Saving chunks for level 'ServerLevel[voxy-harness]'/minecraft:the_end
[10:12:38] [Server thread/INFO] (Minecraft) Saving chunks for level 'ServerLevel[voxy-harness]'/minecraft:the_nether
[10:12:39] [Render thread/INFO] (Minecraft) OpenAL initialized on device MacBook Pro Speakers
[10:12:39] [Render thread/INFO] (Minecraft) Sound engine started
[10:12:39] [Render thread/INFO] (Minecraft) Created: 512x256x0 minecraft:textures/atlas/particles.png-atlas
[10:12:39] [Render thread/INFO] (Minecraft) Created: 128x128x0 minecraft:textures/atlas/decorated_pot.png-atlas
[10:12:39] [Render thread/INFO] (Minecraft) Created: 2048x1024x0 minecraft:textures/atlas/armor_trims.png-atlas
[10:12:39] [Render thread/INFO] (Minecraft) Created: 512x256x0 minecraft:textures/atlas/paintings.png-atlas
[10:12:39] [Render thread/INFO] (Minecraft) Created: 1024x512x0 minecraft:textures/atlas/shield_patterns.png-atlas
[10:12:39] [Render thread/INFO] (Minecraft) Created: 2048x2048x4 minecraft:textures/atlas/blocks.png-atlas
[10:12:39] [Render thread/INFO] (Minecraft) Created: 512x512x0 minecraft:textures/atlas/chest.png-atlas
[10:12:39] [Render thread/INFO] (Minecraft) Created: 256x128x0 minecraft:textures/atlas/celestials.png-atlas
[10:12:39] [Render thread/INFO] (Minecraft) Created: 1024x512x0 minecraft:textures/atlas/banner_patterns.png-atlas
[10:12:39] [Render thread/INFO] (Minecraft) Created: 1024x512x0 minecraft:textures/atlas/items.png-atlas
[10:12:39] [Render thread/INFO] (Minecraft) Created: 1024x1024x0 minecraft:textures/atlas/gui.png-atlas
[10:12:39] [Render thread/INFO] (Minecraft) Created: 128x64x0 minecraft:textures/atlas/map_decorations.png-atlas
[10:12:39] [Render thread/INFO] (Minecraft) Created: 512x512x0 minecraft:textures/atlas/shulker_boxes.png-atlas
[10:12:39] [Render thread/INFO] (Voxy) [me.cx.vy.ct.ce.vk.me.McNativeAtlas]: [native-vk] requested the block atlas (2048x2048) through Blaze3D
[10:12:40] [Render thread/INFO] (Voxy) [nt.mt.ct.rr.LevelRenderer]: [native-vk] native instance mode: world engine created; no renderer
[10:12:40] [Render thread/INFO] (ChunkBuilder) Stopping worker threads
[10:12:40] [Render thread/INFO] (ChunkBuilder) Started 8 worker threads
[10:12:40] [Render thread/INFO] (Voxy) [me.cx.vy.ct.ce.vk.me.McNativeAtlas]: [native-vk] block atlas read through Blaze3D: 2048x2048
[10:12:40] [Render thread/INFO] (Voxy) [me.cx.vy.ct.ce.vk.sr.VkShader$Builder]: VkShader 'vk-hiz': 1 bindings, push=0B, stages=[VERTEX, FRAGMENT]
[10:12:40] [Render thread/INFO] (Voxy) [me.cx.vy.ct.ce.vk.sr.VkShader$Builder]: VkShader 'vk-traversal': 10 bindings, push=4B, stages=[COMPUTE]
[10:12:40] [Render thread/INFO] (Voxy) [me.cx.vy.ct.ce.vk.sr.VkShader$Builder]: VkShader 'vk-merged-prep': 8 bindings, push=0B, stages=[COMPUTE]
[10:12:40] [Render thread/INFO] (Voxy) [me.cx.vy.ct.ce.vk.sr.VkShader$Builder]: VkShader 'vk-merged-cmdgen': 10 bindings, push=0B, stages=[COMPUTE]
[10:12:40] [Render thread/INFO] (Voxy) [me.cx.vy.ct.ce.vk.sr.VkShader$Builder]: VkShader 'vk-temporal-prefix': 2 bindings, push=12B, stages=[COMPUTE]
[10:12:40] [Render thread/INFO] (Voxy) [me.cx.vy.ct.ce.vk.sr.VkShader$Builder]: VkShader 'vk-translucent-bucket-scan': 1 bindings, push=0B, stages=[COMPUTE]
[10:12:40] [Render thread/INFO] (Voxy) [me.cx.vy.ct.ce.vk.sr.VkShader$Builder]: VkShader 'vk-translucent-gen': 7 bindings, push=0B, stages=[COMPUTE]
[10:12:40] [Render thread/INFO] (Voxy) [me.cx.vy.ct.ce.vk.sr.VkShader$Builder]: VkShader 'vk-translucent-prefix': 4 bindings, push=4B, stages=[COMPUTE]
[10:12:40] [Render thread/INFO] (Voxy) [me.cx.vy.ct.ce.vk.sr.VkShader$Builder]: VkShader 'vk-merged-prefix': 2 bindings, push=12B, stages=[COMPUTE]
[10:12:40] [Render thread/INFO] (Voxy) [me.cx.vy.ct.ce.vk.sr.VkShader$Builder]: VkShader 'vk-cull-raster': 4 bindings, push=0B, stages=[VERTEX, FRAGMENT]
[10:12:40] [Render thread/INFO] (Voxy) [me.cx.vy.ct.ce.vk.sr.VkShader$Builder]: VkShader 'vk-terrain-merged': 10 bindings, push=0B, stages=[VERTEX, FRAGMENT]
[10:12:40] [Render thread/INFO] (Voxy) [me.cx.vy.ct.ce.vk.sr.VkShader$Builder]: VkShader 'vk-terrain-merged': 10 bindings, push=0B, stages=[VERTEX, FRAGMENT]
[10:12:40] [Render thread/INFO] (Voxy) [me.cx.vy.ct.ce.vk.sr.VkShader$Builder]: VkShader 'vk-terrain-merged': 10 bindings, push=0B, stages=[VERTEX, FRAGMENT]
[10:12:40] [Render thread/INFO] (Voxy) [me.cx.vy.ct.ce.vk.VkRealModelBakery]: [5c-3b] replayed 14 biomes already registered by the world
[10:12:40] [Render thread/INFO] (Voxy) [me.cx.vy.ct.ce.vk.sr.VkShader$Builder]: VkShader 'vk-vanilla-bound': 1 bindings, push=96B, stages=[VERTEX, FRAGMENT]
[10:12:40] [Render thread/INFO] (Voxy) [me.cx.vy.ct.ce.vk.sr.VkShader$Builder]: VkShader 'vk-depth-resolve-reproject': 1 bindings, push=128B, stages=[VERTEX, FRAGMENT]
[10:12:40] [Render thread/INFO] (Voxy) [me.cx.vy.ct.ce.vk.sr.VkShader$Builder]: VkShader 'vk-native-composite': 2 bindings, push=0B, stages=[VERTEX, FRAGMENT]
[10:12:40] [Render thread/INFO] (Voxy) [me.cx.vy.ct.ce.vk.me.McNativeHierarchicalLoad]: [native-vk] hier-LOAD scene #3: streaming render distance 17, sections -1..0
[10:12:48] [Render thread/INFO] (Minecraft) [STDOUT]: [voxy-harness] stage=nether
[10:12:48] [Render thread/INFO] (Voxy) [me.cx.vy.ct.ce.vk.me.McNativeHierarchicalLoad]: [native-vk] hier frames entering stage nether: composited=4152 skipped=4 builds=3
[10:12:48] [Server thread/INFO] (Minecraft) Player681 has made the advancement [We Need to Go Deeper]
[10:12:48] [Server thread/INFO] (Minecraft) [Player681: Teleported Player681 to 0.500000, 100.000000, 0.500000]
[10:12:48] [Render thread/INFO] (Voxy) [me.cx.vy.cl.VoxyInstance]: Creating new world engine: -804933456715516506@49208865
[10:12:48] [Render thread/INFO] (Voxy) [nt.mt.ct.rr.LevelRenderer]: [native-vk] native instance mode: world engine created; no renderer
[10:12:48] [Render thread/INFO] (ChunkBuilder) Stopping worker threads
[10:12:48] [Render thread/INFO] (ChunkBuilder) Started 8 worker threads
[10:12:48] [Render thread/INFO] (Minecraft) [System] [CHAT] Player681 has made the advancement [We Need to Go Deeper]
[10:12:48] [Render thread/INFO] (Minecraft) [System] [CHAT] Teleported Player681 to 0.500000, 100.000000, 0.500000
[10:12:48] [Render thread/INFO] (ChunkBuilder) Stopping worker threads
[10:12:48] [Render thread/INFO] (ChunkBuilder) Started 8 worker threads
[10:12:48] [Render thread/INFO] (Voxy) [me.cx.vy.ct.ce.vk.sr.VkShader$Builder]: VkShader 'vk-hiz': 1 bindings, push=0B, stages=[VERTEX, FRAGMENT]
[10:12:48] [Render thread/INFO] (Voxy) [me.cx.vy.ct.ce.vk.sr.VkShader$Builder]: VkShader 'vk-traversal': 10 bindings, push=4B, stages=[COMPUTE]
[10:12:48] [Render thread/INFO] (Voxy) [me.cx.vy.ct.ce.vk.sr.VkShader$Builder]: VkShader 'vk-merged-prep': 8 bindings, push=0B, stages=[COMPUTE]
[10:12:48] [Render thread/INFO] (Voxy) [me.cx.vy.ct.ce.vk.sr.VkShader$Builder]: VkShader 'vk-merged-cmdgen': 10 bindings, push=0B, stages=[COMPUTE]
[10:12:48] [Render thread/INFO] (Voxy) [me.cx.vy.ct.ce.vk.sr.VkShader$Builder]: VkShader 'vk-temporal-prefix': 2 bindings, push=12B, stages=[COMPUTE]
[10:12:48] [Render thread/INFO] (Voxy) [me.cx.vy.ct.ce.vk.sr.VkShader$Builder]: VkShader 'vk-translucent-bucket-scan': 1 bindings, push=0B, stages=[COMPUTE]
[10:12:48] [Render thread/INFO] (Voxy) [me.cx.vy.ct.ce.vk.sr.VkShader$Builder]: VkShader 'vk-translucent-gen': 7 bindings, push=0B, stages=[COMPUTE]
[10:12:48] [Render thread/INFO] (Voxy) [me.cx.vy.ct.ce.vk.sr.VkShader$Builder]: VkShader 'vk-translucent-prefix': 4 bindings, push=4B, stages=[COMPUTE]
[10:12:48] [Render thread/INFO] (Voxy) [me.cx.vy.ct.ce.vk.sr.VkShader$Builder]: VkShader 'vk-merged-prefix': 2 bindings, push=12B, stages=[COMPUTE]
[10:12:48] [Render thread/INFO] (Voxy) [me.cx.vy.ct.ce.vk.sr.VkShader$Builder]: VkShader 'vk-cull-raster': 4 bindings, push=0B, stages=[VERTEX, FRAGMENT]
[10:12:48] [Render thread/INFO] (Voxy) [me.cx.vy.ct.ce.vk.sr.VkShader$Builder]: VkShader 'vk-terrain-merged': 10 bindings, push=0B, stages=[VERTEX, FRAGMENT]
[10:12:48] [Render thread/INFO] (Voxy) [me.cx.vy.ct.ce.vk.sr.VkShader$Builder]: VkShader 'vk-terrain-merged': 10 bindings, push=0B, stages=[VERTEX, FRAGMENT]
[10:12:48] [Render thread/INFO] (Voxy) [me.cx.vy.ct.ce.vk.sr.VkShader$Builder]: VkShader 'vk-terrain-merged': 10 bindings, push=0B, stages=[VERTEX, FRAGMENT]
[10:12:48] [Render thread/INFO] (Voxy) [me.cx.vy.ct.ce.vk.VkRealModelBakery]: [5c-3b] replayed 0 biomes already registered by the world
[10:12:48] [Render thread/INFO] (Voxy) [me.cx.vy.ct.ce.vk.sr.VkShader$Builder]: VkShader 'vk-vanilla-bound': 1 bindings, push=96B, stages=[VERTEX, FRAGMENT]
[10:12:48] [Render thread/INFO] (Voxy) [me.cx.vy.ct.ce.vk.sr.VkShader$Builder]: VkShader 'vk-depth-resolve-reproject': 1 bindings, push=128B, stages=[VERTEX, FRAGMENT]
[10:12:48] [Render thread/INFO] (Voxy) [me.cx.vy.ct.ce.vk.sr.VkShader$Builder]: VkShader 'vk-native-composite': 2 bindings, push=0B, stages=[VERTEX, FRAGMENT]
[10:12:48] [Render thread/INFO] (Voxy) [me.cx.vy.ct.ce.vk.me.McNativeHierarchicalLoad]: [native-vk] hier-LOAD scene #4: streaming render distance 17, sections 0..0
[10:12:49] [Render thread/INFO] (Minecraft) Loaded 29 advancements
[10:12:49] [Render thread/INFO] (Minecraft) Loaded 29 advancements
[10:12:58] [Render thread/INFO] (Minecraft) [STDOUT]: [voxy-harness] stage=overworld
[10:12:58] [Render thread/INFO] (Voxy) [me.cx.vy.ct.ce.vk.me.McNativeHierarchicalLoad]: [native-vk] hier frames entering stage overworld: composited=4443 skipped=4 builds=4
[10:12:58] [Server thread/INFO] (Minecraft) [Player681: Teleported Player681 to 0.500000, 120.000000, 0.500000]
[10:12:58] [Render thread/INFO] (Voxy) [nt.mt.ct.rr.LevelRenderer]: [native-vk] native instance mode: world engine created; no renderer
[10:12:58] [Render thread/INFO] (ChunkBuilder) Stopping worker threads
[10:12:58] [Render thread/INFO] (ChunkBuilder) Started 8 worker threads
[10:12:58] [Render thread/INFO] (Minecraft) [System] [CHAT] Teleported Player681 to 0.500000, 120.000000, 0.500000
[10:12:58] [Render thread/INFO] (ChunkBuilder) Stopping worker threads
[10:12:58] [Render thread/INFO] (ChunkBuilder) Started 8 worker threads
[10:12:58] [Render thread/INFO] (Voxy) [me.cx.vy.ct.ce.vk.sr.VkShader$Builder]: VkShader 'vk-hiz': 1 bindings, push=0B, stages=[VERTEX, FRAGMENT]
[10:12:58] [Render thread/INFO] (Voxy) [me.cx.vy.ct.ce.vk.sr.VkShader$Builder]: VkShader 'vk-traversal': 10 bindings, push=4B, stages=[COMPUTE]
[10:12:58] [Render thread/INFO] (Voxy) [me.cx.vy.ct.ce.vk.sr.VkShader$Builder]: VkShader 'vk-merged-prep': 8 bindings, push=0B, stages=[COMPUTE]
[10:12:58] [Render thread/INFO] (Voxy) [me.cx.vy.ct.ce.vk.sr.VkShader$Builder]: VkShader 'vk-merged-cmdgen': 10 bindings, push=0B, stages=[COMPUTE]
[10:12:58] [Render thread/INFO] (Voxy) [me.cx.vy.ct.ce.vk.sr.VkShader$Builder]: VkShader 'vk-temporal-prefix': 2 bindings, push=12B, stages=[COMPUTE]
[10:12:58] [Render thread/INFO] (Voxy) [me.cx.vy.ct.ce.vk.sr.VkShader$Builder]: VkShader 'vk-translucent-bucket-scan': 1 bindings, push=0B, stages=[COMPUTE]
[10:12:58] [Render thread/INFO] (Voxy) [me.cx.vy.ct.ce.vk.sr.VkShader$Builder]: VkShader 'vk-translucent-gen': 7 bindings, push=0B, stages=[COMPUTE]
[10:12:58] [Render thread/INFO] (Voxy) [me.cx.vy.ct.ce.vk.sr.VkShader$Builder]: VkShader 'vk-translucent-prefix': 4 bindings, push=4B, stages=[COMPUTE]
[10:12:58] [Render thread/INFO] (Voxy) [me.cx.vy.ct.ce.vk.sr.VkShader$Builder]: VkShader 'vk-merged-prefix': 2 bindings, push=12B, stages=[COMPUTE]
[10:12:58] [Render thread/INFO] (Voxy) [me.cx.vy.ct.ce.vk.sr.VkShader$Builder]: VkShader 'vk-cull-raster': 4 bindings, push=0B, stages=[VERTEX, FRAGMENT]
[10:12:58] [Render thread/INFO] (Voxy) [me.cx.vy.ct.ce.vk.sr.VkShader$Builder]: VkShader 'vk-terrain-merged': 10 bindings, push=0B, stages=[VERTEX, FRAGMENT]
[10:12:58] [Render thread/INFO] (Voxy) [me.cx.vy.ct.ce.vk.sr.VkShader$Builder]: VkShader 'vk-terrain-merged': 10 bindings, push=0B, stages=[VERTEX, FRAGMENT]
[10:12:58] [Render thread/INFO] (Voxy) [me.cx.vy.ct.ce.vk.sr.VkShader$Builder]: VkShader 'vk-terrain-merged': 10 bindings, push=0B, stages=[VERTEX, FRAGMENT]
[10:12:58] [Render thread/INFO] (Voxy) [me.cx.vy.ct.ce.vk.VkRealModelBakery]: [5c-3b] replayed 14 biomes already registered by the world
[10:12:58] [Render thread/INFO] (Voxy) [me.cx.vy.ct.ce.vk.sr.VkShader$Builder]: VkShader 'vk-vanilla-bound': 1 bindings, push=96B, stages=[VERTEX, FRAGMENT]
[10:12:58] [Render thread/INFO] (Voxy) [me.cx.vy.ct.ce.vk.sr.VkShader$Builder]: VkShader 'vk-depth-resolve-reproject': 1 bindings, push=128B, stages=[VERTEX, FRAGMENT]
[10:12:58] [Render thread/INFO] (Voxy) [me.cx.vy.ct.ce.vk.sr.VkShader$Builder]: VkShader 'vk-native-composite': 2 bindings, push=0B, stages=[VERTEX, FRAGMENT]
[10:12:58] [Render thread/INFO] (Voxy) [me.cx.vy.ct.ce.vk.me.McNativeHierarchicalLoad]: [native-vk] hier-LOAD scene #5: streaming render distance 17, sections -1..0
[10:13:08] [Render thread/INFO] (Minecraft) [STDOUT]: [voxy-harness] stage=descend
[10:13:08] [Server thread/INFO] (Minecraft) [Player681: Teleported Player681 to 0.500000, 79.000000, 0.500000]
[10:13:08] [Render thread/INFO] (Voxy) [me.cx.vy.ct.ce.vk.me.McNativeHierarchicalLoad]: [native-vk] hier frames entering stage descend: composited=4734 skipped=4 builds=5
[10:13:08] [Render thread/INFO] (Minecraft) [System] [CHAT] Teleported Player681 to 0.500000, 79.000000, 0.500000
[10:13:09] [Active world cleaner/INFO] (Voxy) [me.cx.vy.cl.VoxyInstance]: Shutting down idle world: -804933456715516506
[10:13:18] [Render thread/INFO] (Minecraft) [STDOUT]: [voxy-harness] stage=ascend
[10:13:18] [Server thread/INFO] (Minecraft) [Player681: Teleported Player681 to 0.500000, 175.000000, 0.500000]
[10:13:18] [Render thread/INFO] (Voxy) [me.cx.vy.ct.ce.vk.me.McNativeHierarchicalLoad]: [native-vk] hier frames entering stage ascend: composited=5029 skipped=4 builds=5
[10:13:18] [Render thread/INFO] (Minecraft) [System] [CHAT] Teleported Player681 to 0.500000, 175.000000, 0.500000
[10:13:28] [Render thread/INFO] (Minecraft) [STDOUT]: [voxy-harness] stage=disconnect
[10:13:28] [Server thread/INFO] (Minecraft) Stopping server
[10:13:28] [Server thread/INFO] (Minecraft) Saving players
[10:13:28] [Server thread/INFO] (Minecraft) Saving worlds
[10:13:28] [Server thread/INFO] (Minecraft) Saving chunks for level 'ServerLevel[voxy-harness]'/minecraft:overworld
[10:13:28] [Server thread/INFO] (Minecraft) Saving chunks for level 'ServerLevel[voxy-harness]'/minecraft:the_end
[10:13:28] [Server thread/INFO] (Minecraft) Saving chunks for level 'ServerLevel[voxy-harness]'/minecraft:the_nether
[10:13:28] [Server thread/INFO] (Minecraft) ThreadedAnvilChunkStorage (world): All chunks are saved
[10:13:28] [Server thread/INFO] (Minecraft) ThreadedAnvilChunkStorage (DIM1): All chunks are saved
[10:13:28] [Server thread/INFO] (Minecraft) ThreadedAnvilChunkStorage (DIM-1): All chunks are saved
[10:13:28] [Server thread/INFO] (Minecraft) ThreadedAnvilChunkStorage: All dimensions are saved
[10:13:29] [Render thread/INFO] (ChunkBuilder) Stopping worker threads
[10:13:29] [Render thread/INFO] (Voxy) [me.cx.vy.cl.VoxyInstance]: Shutting down voxy instance
[10:13:29] [Render thread/INFO] (Voxy) [me.cx.vy.cl.VoxyInstance]: Instance shutdown
[10:13:29] [Render thread/INFO] (Minecraft) [STDOUT]: [voxy-harness] stage=reconnect
[10:13:29] [Render thread/INFO] (Minecraft) Found new data pack fabric-convention-tags-v2, loading it automatically
[10:13:29] [Render thread/INFO] (Minecraft) Found new data pack fabric-gametest-api-v1, loading it automatically
[10:13:29] [Render thread/INFO] (Minecraft) Loaded 1585 recipes
[10:13:29] [Render thread/INFO] (Minecraft) Loaded 1688 advancements
[10:13:30] [Render thread/INFO] (BiomeModificationImpl) Applied 0 biome modifications to 0 of 66 new biomes in 171.9 μs
[10:13:30] [Server thread/INFO] (Minecraft) Starting integrated minecraft server version 26.2
[10:13:30] [Server thread/INFO] (Minecraft) Generating keypair
[10:13:30] [Server thread/INFO] (Minecraft) Loading 0 persistent chunks...
[10:13:30] [Server thread/INFO] (Minecraft) Saving chunks for level 'ServerLevel[voxy-harness]'/minecraft:overworld
[10:13:30] [Server thread/INFO] (Minecraft) Saving chunks for level 'ServerLevel[voxy-harness]'/minecraft:the_end
[10:13:30] [Server thread/INFO] (Minecraft) Saving chunks for level 'ServerLevel[voxy-harness]'/minecraft:the_nether
[10:13:30] [Server thread/INFO] (Minecraft) ThreadedAnvilChunkStorage (world): All chunks are saved
[10:13:30] [Server thread/INFO] (Minecraft) ThreadedAnvilChunkStorage (DIM1): All chunks are saved
[10:13:30] [Server thread/INFO] (Minecraft) ThreadedAnvilChunkStorage (DIM-1): All chunks are saved
[10:13:30] [Server thread/INFO] (Minecraft) ThreadedAnvilChunkStorage: All dimensions are saved
[10:13:30] [Server thread/INFO] (Minecraft) Loading 49 chunks for player spawn...
[10:13:30] [Server thread/INFO] (Minecraft) Preparing spawn area: 16%
[10:13:30] [Server thread/INFO] (Minecraft) Time elapsed: 310 ms
[10:13:30] [Server thread/INFO] (Minecraft) Player681[local:E:075e91f8] logged in with entity id 732 at (0.5, 175.0, 0.5)
[10:13:30] [Server thread/INFO] (Minecraft) Player681 joined the game
[10:13:30] [Render thread/INFO] (Voxy) [me.cx.vy.cl.VoxyInstance]: Initializing voxy instance
[10:13:30] [Render thread/INFO] (Voxy) [me.cx.vy.cl.VoxyInstance]: Dedicated voxy thread pool size: 9
[10:13:30] [Render thread/INFO] (Voxy) [me.cx.vy.cl.VoxyInstance]: Creating new world engine: 7462760223788803275@1437691777
[10:13:30] [Server thread/INFO] (Minecraft) Changing view distance to 8, from 10
[10:13:30] [Server thread/INFO] (Minecraft) Changing simulation distance to 5, from 0
[10:13:30] [Render thread/INFO] (Voxy) [nt.mt.ct.rr.LevelRenderer]: [native-vk] native instance mode: world engine created; no renderer
[10:13:30] [Render thread/INFO] (ChunkBuilder) Started 8 worker threads
[10:13:30] [Render thread/INFO] (Voxy) [me.cx.vy.cl.VoxyInstance]: Dedicated voxy thread pool size: 1
[10:13:30] [Render thread/INFO] (Minecraft) Loaded 29 advancements
[10:13:30] [Render thread/INFO] (ChunkBuilder) Stopping worker threads
[10:13:30] [Render thread/INFO] (ChunkBuilder) Started 8 worker threads
[10:13:30] [Render thread/INFO] (Voxy) [me.cx.vy.ct.ce.vk.me.McNativeHierarchicalLoad]: [native-vk] hier frames entering stage reconnect: composited=5325 skipped=4 builds=5
[10:13:30] [Render thread/INFO] (Voxy) [me.cx.vy.ct.ce.vk.me.McNativeAtlas]: [native-vk] requested the block atlas (2048x2048) through Blaze3D
[10:13:30] [Render thread/INFO] (Voxy) [me.cx.vy.ct.ce.vk.me.McNativeAtlas]: [native-vk] block atlas read through Blaze3D: 2048x2048
[10:13:30] [Render thread/INFO] (Voxy) [me.cx.vy.ct.ce.vk.sr.VkShader$Builder]: VkShader 'vk-hiz': 1 bindings, push=0B, stages=[VERTEX, FRAGMENT]
[10:13:30] [Render thread/INFO] (Voxy) [me.cx.vy.ct.ce.vk.sr.VkShader$Builder]: VkShader 'vk-traversal': 10 bindings, push=4B, stages=[COMPUTE]
[10:13:30] [Render thread/INFO] (Voxy) [me.cx.vy.ct.ce.vk.sr.VkShader$Builder]: VkShader 'vk-merged-prep': 8 bindings, push=0B, stages=[COMPUTE]
[10:13:30] [Render thread/INFO] (Voxy) [me.cx.vy.ct.ce.vk.sr.VkShader$Builder]: VkShader 'vk-merged-cmdgen': 10 bindings, push=0B, stages=[COMPUTE]
[10:13:30] [Render thread/INFO] (Voxy) [me.cx.vy.ct.ce.vk.sr.VkShader$Builder]: VkShader 'vk-temporal-prefix': 2 bindings, push=12B, stages=[COMPUTE]
[10:13:30] [Render thread/INFO] (Voxy) [me.cx.vy.ct.ce.vk.sr.VkShader$Builder]: VkShader 'vk-translucent-bucket-scan': 1 bindings, push=0B, stages=[COMPUTE]
[10:13:30] [Render thread/INFO] (Voxy) [me.cx.vy.ct.ce.vk.sr.VkShader$Builder]: VkShader 'vk-translucent-gen': 7 bindings, push=0B, stages=[COMPUTE]
[10:13:30] [Render thread/INFO] (Voxy) [me.cx.vy.ct.ce.vk.sr.VkShader$Builder]: VkShader 'vk-translucent-prefix': 4 bindings, push=4B, stages=[COMPUTE]
[10:13:30] [Render thread/INFO] (Voxy) [me.cx.vy.ct.ce.vk.sr.VkShader$Builder]: VkShader 'vk-merged-prefix': 2 bindings, push=12B, stages=[COMPUTE]
[10:13:30] [Render thread/INFO] (Voxy) [me.cx.vy.ct.ce.vk.sr.VkShader$Builder]: VkShader 'vk-cull-raster': 4 bindings, push=0B, stages=[VERTEX, FRAGMENT]
[10:13:30] [Render thread/INFO] (Voxy) [me.cx.vy.ct.ce.vk.sr.VkShader$Builder]: VkShader 'vk-terrain-merged': 10 bindings, push=0B, stages=[VERTEX, FRAGMENT]
[10:13:30] [Render thread/INFO] (Voxy) [me.cx.vy.ct.ce.vk.sr.VkShader$Builder]: VkShader 'vk-terrain-merged': 10 bindings, push=0B, stages=[VERTEX, FRAGMENT]
[10:13:30] [Render thread/INFO] (Voxy) [me.cx.vy.ct.ce.vk.sr.VkShader$Builder]: VkShader 'vk-terrain-merged': 10 bindings, push=0B, stages=[VERTEX, FRAGMENT]
[10:13:30] [Render thread/INFO] (Voxy) [me.cx.vy.ct.ce.vk.VkRealModelBakery]: [5c-3b] replayed 14 biomes already registered by the world
[10:13:30] [Render thread/INFO] (Voxy) [me.cx.vy.ct.ce.vk.sr.VkShader$Builder]: VkShader 'vk-vanilla-bound': 1 bindings, push=96B, stages=[VERTEX, FRAGMENT]
[10:13:30] [Render thread/INFO] (Voxy) [me.cx.vy.ct.ce.vk.sr.VkShader$Builder]: VkShader 'vk-depth-resolve-reproject': 1 bindings, push=128B, stages=[VERTEX, FRAGMENT]
[10:13:30] [Render thread/INFO] (Voxy) [me.cx.vy.ct.ce.vk.sr.VkShader$Builder]: VkShader 'vk-native-composite': 2 bindings, push=0B, stages=[VERTEX, FRAGMENT]
[10:13:30] [Render thread/INFO] (Voxy) [me.cx.vy.ct.ce.vk.me.McNativeHierarchicalLoad]: [native-vk] hier-LOAD scene #6: streaming render distance 17, sections -1..0
[10:13:30] [Download-9/ERROR] (Minecraft) Failed to retrieve profile key pair

MinecraftClientHttpException[type=HTTP_ERROR, status=401, response=ErrorResponse[path=/player/certificates, error=null, errorMessage=null, details=null]]
	at knot//com.mojang.authlib.minecraft.client.MinecraftClient.buildHttpException(MinecraftClient.java:170)
	at knot//com.mojang.authlib.minecraft.client.MinecraftClient.readServiceResponse(MinecraftClient.java:147)
	at knot//com.mojang.authlib.minecraft.client.MinecraftClient.post(MinecraftClient.java:89)
	at knot//com.mojang.authlib.yggdrasil.YggdrasilUserApiService.getKeyPair(YggdrasilUserApiService.java:62)
	at knot//net.minecraft.client.multiplayer.AccountProfileKeyPairManager.fetchProfileKeyPair(AccountProfileKeyPairManager.java:128)
	at knot//net.minecraft.client.multiplayer.AccountProfileKeyPairManager.lambda$readOrFetchProfileKeyPair$0(AccountProfileKeyPairManager.java:77)
	at java.base/java.util.concurrent.CompletableFuture$AsyncSupply.run(CompletableFuture.java:1789)
	at java.base/java.util.concurrent.ThreadPoolExecutor.runWorker(ThreadPoolExecutor.java:1090)
	at java.base/java.util.concurrent.ThreadPoolExecutor$Worker.run(ThreadPoolExecutor.java:614)
	at java.base/java.lang.Thread.run(Thread.java:1474)
[10:13:39] [Render thread/INFO] (Minecraft) [STDOUT]: [voxy-harness] finished failures=0
[10:13:39] [Render thread/INFO] (Minecraft) Stopping!
[10:13:39] [Render thread/INFO] (Voxy) [me.cx.vy.ct.ce.vk.me.McNativeVkContext]: [native-vk] released Minecraft's device from VkContext (nothing of Minecraft's was destroyed)
[10:13:39] [Server thread/INFO] (Minecraft) Stopping server
[10:13:39] [Server thread/INFO] (Minecraft) Saving players
[10:13:39] [Server thread/INFO] (Minecraft) Player681 lost connection: Disconnected
[10:13:39] [Server thread/INFO] (Minecraft) Player681 left the game
[10:13:39] [Server thread/INFO] (Minecraft) Stopping singleplayer server as player logged out
[10:13:39] [Server thread/INFO] (Minecraft) Saving worlds
[10:13:39] [Server thread/INFO] (Minecraft) Saving chunks for level 'ServerLevel[voxy-harness]'/minecraft:overworld
[10:13:40] [Server thread/INFO] (Minecraft) Saving chunks for level 'ServerLevel[voxy-harness]'/minecraft:the_end
[10:13:40] [Server thread/INFO] (Minecraft) Saving chunks for level 'ServerLevel[voxy-harness]'/minecraft:the_nether
[10:13:40] [Server thread/INFO] (Minecraft) ThreadedAnvilChunkStorage (world): All chunks are saved
[10:13:40] [Server thread/INFO] (Minecraft) ThreadedAnvilChunkStorage (DIM1): All chunks are saved
[10:13:40] [Server thread/INFO] (Minecraft) ThreadedAnvilChunkStorage (DIM-1): All chunks are saved
[10:13:40] [Server thread/INFO] (Minecraft) ThreadedAnvilChunkStorage: All dimensions are saved
[10:13:40] [Render thread/INFO] (ChunkBuilder) Stopping worker threads
[10:13:40] [Render thread/INFO] (Voxy) [me.cx.vy.cl.VoxyInstance]: Shutting down voxy instance
[10:13:40] [Render thread/INFO] (Voxy) [me.cx.vy.cl.VoxyInstance]: Instance shutdown
[Vulkan Loader] DEBUG | LAYER:  Unloading layer library /opt/homebrew/Cellar/vulkan-validationlayers/1.4.357.0/lib/libVkLayer_khronos_validation.dylib

[Incubating] Problems report is available at: file:///Users/xyz/dev/voxy/build/reports/problems/problems-report.html

Deprecated Gradle features were used in this build, making it incompatible with Gradle 10.

You can use '--warning-mode all' to show the individual deprecation warnings and determine if they come from your own scripts or plugins.

For more on this, please refer to https://docs.gradle.org/9.6.0/userguide/command_line_interface.html#sec:command_line_warnings in the Gradle documentation.

BUILD SUCCESSFUL in 2m 37s
8 actionable tasks: 2 executed, 6 up-to-date
Consider enabling configuration cache to speed up this build: https://docs.gradle.org/9.6.0/userguide/configuration_cache_enabling.html
